Archive member included to satisfy reference by file (symbol)

libHAL.a(stm32f4xx_hal.c.obj)
                              CMakeFiles/RM2018_CLion_Toolchain.elf.dir/Src/main.c.obj (HAL_Init)
libHAL.a(stm32f4xx_hal_can.c.obj)
                              CMakeFiles/RM2018_CLion_Toolchain.elf.dir/Src/can.c.obj (HAL_CAN_Init)
libHAL.a(stm32f4xx_hal_cortex.c.obj)
                              CMakeFiles/RM2018_CLion_Toolchain.elf.dir/Src/stm32f4xx_hal_msp.c.obj (HAL_NVIC_SetPriorityGrouping)
libHAL.a(stm32f4xx_hal_dma.c.obj)
                              CMakeFiles/RM2018_CLion_Toolchain.elf.dir/Src/usart.c.obj (HAL_DMA_Init)
libHAL.a(stm32f4xx_hal_gpio.c.obj)
                              CMakeFiles/RM2018_CLion_Toolchain.elf.dir/Src/can.c.obj (HAL_GPIO_Init)
libHAL.a(stm32f4xx_hal_pcd.c.obj)
                              CMakeFiles/RM2018_CLion_Toolchain.elf.dir/Src/usbd_conf.c.obj (HAL_PCD_Init)
libHAL.a(stm32f4xx_hal_pcd_ex.c.obj)
                              CMakeFiles/RM2018_CLion_Toolchain.elf.dir/Src/usbd_conf.c.obj (HAL_PCDEx_SetTxFiFo)
libHAL.a(stm32f4xx_hal_rcc.c.obj)
                              CMakeFiles/RM2018_CLion_Toolchain.elf.dir/Src/main.c.obj (HAL_RCC_OscConfig)
libHAL.a(stm32f4xx_hal_spi.c.obj)
                              CMakeFiles/RM2018_CLion_Toolchain.elf.dir/Src/spi.c.obj (HAL_SPI_Init)
libHAL.a(stm32f4xx_hal_tim.c.obj)
                              CMakeFiles/RM2018_CLion_Toolchain.elf.dir/Src/tim.c.obj (HAL_TIM_Base_Init)
libHAL.a(stm32f4xx_hal_tim_ex.c.obj)
                              libHAL.a(stm32f4xx_hal_tim.c.obj) (TIMEx_DMACommutationCplt)
libHAL.a(stm32f4xx_hal_uart.c.obj)
                              CMakeFiles/RM2018_CLion_Toolchain.elf.dir/Src/usart.c.obj (HAL_MultiProcessor_Init)
libHAL.a(stm32f4xx_ll_usb.c.obj)
                              libHAL.a(stm32f4xx_hal_pcd.c.obj) (USB_CoreInit)
libCMSIS.a(startup_stm32f427xx.s.obj)
                              (Reset_Handler)
libUSB.a(usbd_cdc.c.obj)      CMakeFiles/RM2018_CLion_Toolchain.elf.dir/Src/usb_device.c.obj (USBD_CDC)
libUSB.a(usbd_core.c.obj)     CMakeFiles/RM2018_CLion_Toolchain.elf.dir/Src/usb_device.c.obj (USBD_Init)
libUSB.a(usbd_ctlreq.c.obj)   libUSB.a(usbd_core.c.obj) (USBD_StdDevReq)
libUSB.a(usbd_ioreq.c.obj)    libUSB.a(usbd_cdc.c.obj) (USBD_CtlSendData)
/usr/local/Cellar/gcc-arm-none-eabi/20160928/bin/../lib/gcc/arm-none-eabi/5.4.1/../../../../arm-none-eabi/lib/armv7e-m/fpu/libg.a(lib_a-exit.o)
                              /usr/local/Cellar/gcc-arm-none-eabi/20160928/bin/../lib/gcc/arm-none-eabi/5.4.1/../../../../arm-none-eabi/lib/armv7e-m/fpu/crt0.o (exit)
/usr/local/Cellar/gcc-arm-none-eabi/20160928/bin/../lib/gcc/arm-none-eabi/5.4.1/../../../../arm-none-eabi/lib/armv7e-m/fpu/libg.a(lib_a-impure.o)
                              /usr/local/Cellar/gcc-arm-none-eabi/20160928/bin/../lib/gcc/arm-none-eabi/5.4.1/../../../../arm-none-eabi/lib/armv7e-m/fpu/libg.a(lib_a-exit.o) (_global_impure_ptr)
/usr/local/Cellar/gcc-arm-none-eabi/20160928/bin/../lib/gcc/arm-none-eabi/5.4.1/../../../../arm-none-eabi/lib/armv7e-m/fpu/libg.a(lib_a-init.o)
                              /usr/local/Cellar/gcc-arm-none-eabi/20160928/bin/../lib/gcc/arm-none-eabi/5.4.1/../../../../arm-none-eabi/lib/armv7e-m/fpu/crt0.o (__libc_init_array)
/usr/local/Cellar/gcc-arm-none-eabi/20160928/bin/../lib/gcc/arm-none-eabi/5.4.1/../../../../arm-none-eabi/lib/armv7e-m/fpu/libg.a(lib_a-malloc.o)
                              libUSB.a(usbd_cdc.c.obj) (malloc)
/usr/local/Cellar/gcc-arm-none-eabi/20160928/bin/../lib/gcc/arm-none-eabi/5.4.1/../../../../arm-none-eabi/lib/armv7e-m/fpu/libg.a(lib_a-mallocr.o)
                              /usr/local/Cellar/gcc-arm-none-eabi/20160928/bin/../lib/gcc/arm-none-eabi/5.4.1/../../../../arm-none-eabi/lib/armv7e-m/fpu/libg.a(lib_a-malloc.o) (_malloc_r)
/usr/local/Cellar/gcc-arm-none-eabi/20160928/bin/../lib/gcc/arm-none-eabi/5.4.1/../../../../arm-none-eabi/lib/armv7e-m/fpu/libg.a(lib_a-memset.o)
                              /usr/local/Cellar/gcc-arm-none-eabi/20160928/bin/../lib/gcc/arm-none-eabi/5.4.1/../../../../arm-none-eabi/lib/armv7e-m/fpu/crt0.o (memset)
/usr/local/Cellar/gcc-arm-none-eabi/20160928/bin/../lib/gcc/arm-none-eabi/5.4.1/../../../../arm-none-eabi/lib/armv7e-m/fpu/libg.a(lib_a-mlock.o)
                              /usr/local/Cellar/gcc-arm-none-eabi/20160928/bin/../lib/gcc/arm-none-eabi/5.4.1/../../../../arm-none-eabi/lib/armv7e-m/fpu/libg.a(lib_a-mallocr.o) (__malloc_lock)
/usr/local/Cellar/gcc-arm-none-eabi/20160928/bin/../lib/gcc/arm-none-eabi/5.4.1/../../../../arm-none-eabi/lib/armv7e-m/fpu/libg.a(lib_a-sbrkr.o)
                              /usr/local/Cellar/gcc-arm-none-eabi/20160928/bin/../lib/gcc/arm-none-eabi/5.4.1/../../../../arm-none-eabi/lib/armv7e-m/fpu/libg.a(lib_a-mallocr.o) (_sbrk_r)
/usr/local/Cellar/gcc-arm-none-eabi/20160928/bin/../lib/gcc/arm-none-eabi/5.4.1/../../../../arm-none-eabi/lib/armv7e-m/fpu/libg.a(lib_a-__call_atexit.o)
[...]
Memory Configuration

Name             Origin             Length             Attributes
RAM              0x0000000020000000 0x0000000000030000 xrw
CCMRAM           0x0000000010000000 0x0000000000010000 rw
FLASH            0x0000000008000000 0x0000000000200000 xr
*default*        0x0000000000000000 0xffffffffffffffff

Linker script and memory map

LOAD /usr/local/Cellar/gcc-arm-none-eabi/20160928/bin/../lib/gcc/arm-none-eabi/5.4.1/armv7e-m/fpu/crti.o
LOAD /usr/local/Cellar/gcc-arm-none-eabi/20160928/bin/../lib/gcc/arm-none-eabi/5.4.1/armv7e-m/fpu/crtbegin.o
LOAD /usr/local/Cellar/gcc-arm-none-eabi/20160928/bin/../lib/gcc/arm-none-eabi/5.4.1/../../../../arm-none-eabi/lib/armv7e-m/fpu/crt0.o
LOAD CMakeFiles/RM2018_CLion_Toolchain.elf.dir/Src/can.c.obj
LOAD CMakeFiles/RM2018_CLion_Toolchain.elf.dir/Src/dma.c.obj
LOAD CMakeFiles/RM2018_CLion_Toolchain.elf.dir/Src/gpio.c.obj
LOAD CMakeFiles/RM2018_CLion_Toolchain.elf.dir/Src/main.c.obj
LOAD CMakeFiles/RM2018_CLion_Toolchain.elf.dir/Src/spi.c.obj
LOAD CMakeFiles/RM2018_CLion_Toolchain.elf.dir/Src/stm32f4xx_hal_msp.c.obj
LOAD CMakeFiles/RM2018_CLion_Toolchain.elf.dir/Src/stm32f4xx_it.c.obj
LOAD CMakeFiles/RM2018_CLion_Toolchain.elf.dir/Src/system_stm32f4xx.c.obj
LOAD CMakeFiles/RM2018_CLion_Toolchain.elf.dir/Src/tim.c.obj
LOAD CMakeFiles/RM2018_CLion_Toolchain.elf.dir/Src/usart.c.obj
LOAD CMakeFiles/RM2018_CLion_Toolchain.elf.dir/Src/usb_device.c.obj
LOAD CMakeFiles/RM2018_CLion_Toolchain.elf.dir/Src/usbd_cdc_if.c.obj
LOAD CMakeFiles/RM2018_CLion_Toolchain.elf.dir/Src/usbd_conf.c.obj
LOAD CMakeFiles/RM2018_CLion_Toolchain.elf.dir/Src/usbd_desc.c.obj
LOAD CMakeFiles/RM2018_CLion_Toolchain.elf.dir/Test/Src/test_app.c.obj
LOAD CMakeFiles/RM2018_CLion_Toolchain.elf.dir/Test/Src/test_beep.c.obj
LOAD CMakeFiles/RM2018_CLion_Toolchain.elf.dir/Test/Src/test_can.c.obj
LOAD CMakeFiles/RM2018_CLion_Toolchain.elf.dir/Test/Src/test_imu.c.obj
LOAD CMakeFiles/RM2018_CLion_Toolchain.elf.dir/Test/Src/test_led.c.obj
LOAD CMakeFiles/RM2018_CLion_Toolchain.elf.dir/Test/Src/test_uart.c.obj
LOAD CMakeFiles/RM2018_CLion_Toolchain.elf.dir/Test/Src/test_usb.c.obj
LOAD libHAL.a
LOAD libCMSIS.a
LOAD libUSB.a
START GROUP
LOAD /usr/local/Cellar/gcc-arm-none-eabi/20160928/bin/../lib/gcc/arm-none-eabi/5.4.1/armv7e-m/fpu/libgcc.a
LOAD /usr/local/Cellar/gcc-arm-none-eabi/20160928/bin/../lib/gcc/arm-none-eabi/5.4.1/../../../../arm-none-eabi/lib/armv7e-m/fpu/libg.a
LOAD /usr/local/Cellar/gcc-arm-none-eabi/20160928/bin/../lib/gcc/arm-none-eabi/5.4.1/../../../../arm-none-eabi/lib/armv7e-m/fpu/libc.a
END GROUP
START GROUP
LOAD /usr/local/Cellar/gcc-arm-none-eabi/20160928/bin/../lib/gcc/arm-none-eabi/5.4.1/armv7e-m/fpu/libgcc.a
LOAD /usr/local/Cellar/gcc-arm-none-eabi/20160928/bin/../lib/gcc/arm-none-eabi/5.4.1/../../../../arm-none-eabi/lib/armv7e-m/fpu/libc.a
LOAD /usr/local/Cellar/gcc-arm-none-eabi/20160928/bin/../lib/gcc/arm-none-eabi/5.4.1/../../../../arm-none-eabi/lib/armv7e-m/fpu/libnosys.a
END GROUP
LOAD /usr/local/Cellar/gcc-arm-none-eabi/20160928/bin/../lib/gcc/arm-none-eabi/5.4.1/armv7e-m/fpu/crtend.o
LOAD /usr/local/Cellar/gcc-arm-none-eabi/20160928/bin/../lib/gcc/arm-none-eabi/5.4.1/armv7e-m/fpu/crtn.o
                0x0000000020030000                _estack = 0x20030000
                0x0000000000001000                _Min_Heap_Size = 0x1000
                0x0000000000000400                _Min_Stack_Size = 0x400

.isr_vector     0x0000000008000000      0x1ac
                0x0000000008000000                . = ALIGN (0x4)
 *(.isr_vector)
 .isr_vector    0x0000000008000000      0x1ac libCMSIS.a(startup_stm32f427xx.s.obj)
                0x0000000008000000                g_pfnVectors
                0x00000000080001ac                . = ALIGN (0x4)

.text           0x00000000080001ac     0xa9bc
                0x00000000080001ac                . = ALIGN (0x4)
 *(.text)
 .text          0x00000000080001ac       0x5c /usr/local/Cellar/gcc-arm-none-eabi/20160928/bin/../lib/gcc/arm-none-eabi/5.4.1/armv7e-m/fpu/crtbegin.o
 *(.text*)
 .text.MX_CAN1_Init
                0x0000000008000208       0x70 CMakeFiles/RM2018_CLion_Toolchain.elf.dir/Src/can.c.obj
                0x0000000008000208                MX_CAN1_Init
 .text.MX_CAN2_Init
                0x0000000008000278       0x70 CMakeFiles/RM2018_CLion_Toolchain.elf.dir/Src/can.c.obj
                0x0000000008000278                MX_CAN2_Init
 .text.HAL_CAN_MspInit
                0x00000000080002e8      0x138 CMakeFiles/RM2018_CLion_Toolchain.elf.dir/Src/can.c.obj
                0x00000000080002e8                HAL_CAN_MspInit
 .text.MX_DMA_Init
                0x0000000008000420       0x40 CMakeFiles/RM2018_CLion_Toolchain.elf.dir/Src/dma.c.obj
                0x0000000008000420                MX_DMA_Init
 .text.MX_GPIO_Init
                0x0000000008000460      0x1e0 CMakeFiles/RM2018_CLion_Toolchain.elf.dir/Src/gpio.c.obj
                0x0000000008000460                MX_GPIO_Init
 .text.main     0x0000000008000640       0xd4 CMakeFiles/RM2018_CLion_Toolchain.elf.dir/Src/main.c.obj
                0x0000000008000640                main
 .text.SystemClock_Config
                0x0000000008000714       0xe0 CMakeFiles/RM2018_CLion_Toolchain.elf.dir/Src/main.c.obj
                0x0000000008000714                SystemClock_Config
 .text.Error_Handler
                0x00000000080007f4        0x8 CMakeFiles/RM2018_CLion_Toolchain.elf.dir/Src/main.c.obj
                0x00000000080007f4                Error_Handler
 .text.MX_SPI5_Init
                0x00000000080007fc       0x6c CMakeFiles/RM2018_CLion_Toolchain.elf.dir/Src/spi.c.obj
                0x00000000080007fc                MX_SPI5_Init
 .text.HAL_SPI_MspInit
                0x0000000008000868       0x64 CMakeFiles/RM2018_CLion_Toolchain.elf.dir/Src/spi.c.obj
                0x0000000008000868                HAL_SPI_MspInit
 .text.HAL_MspInit
                0x00000000080008cc       0x64 CMakeFiles/RM2018_CLion_Toolchain.elf.dir/Src/stm32f4xx_hal_msp.c.obj
                0x00000000080008cc                HAL_MspInit
 .text.NMI_Handler
                0x0000000008000930       0x10 CMakeFiles/RM2018_CLion_Toolchain.elf.dir/Src/stm32f4xx_it.c.obj
                0x0000000008000930                NMI_Handler
 .text.HardFault_Handler
                0x0000000008000940        0x8 CMakeFiles/RM2018_CLion_Toolchain.elf.dir/Src/stm32f4xx_it.c.obj
                0x0000000008000940                HardFault_Handler
 .text.MemManage_Handler
                0x0000000008000948        0x8 CMakeFiles/RM2018_CLion_Toolchain.elf.dir/Src/stm32f4xx_it.c.obj
                0x0000000008000948                MemManage_Handler
 .text.BusFault_Handler
                0x0000000008000950        0x8 CMakeFiles/RM2018_CLion_Toolchain.elf.dir/Src/stm32f4xx_it.c.obj
                0x0000000008000950                BusFault_Handler
 .text.UsageFault_Handler
                0x0000000008000958        0x8 CMakeFiles/RM2018_CLion_Toolchain.elf.dir/Src/stm32f4xx_it.c.obj
                0x0000000008000958                UsageFault_Handler
 .text.SVC_Handler
                0x0000000008000960       0x10 CMakeFiles/RM2018_CLion_Toolchain.elf.dir/Src/stm32f4xx_it.c.obj
                0x0000000008000960                SVC_Handler
 .text.DebugMon_Handler
                0x0000000008000970       0x10 CMakeFiles/RM2018_CLion_Toolchain.elf.dir/Src/stm32f4xx_it.c.obj
                0x0000000008000970                DebugMon_Handler
 .text.PendSV_Handler
                0x0000000008000980       0x10 CMakeFiles/RM2018_CLion_Toolchain.elf.dir/Src/stm32f4xx_it.c.obj
                0x0000000008000980                PendSV_Handler
 .text.SysTick_Handler
                0x0000000008000990       0x10 CMakeFiles/RM2018_CLion_Toolchain.elf.dir/Src/stm32f4xx_it.c.obj
                0x0000000008000990                SysTick_Handler
 .text.EXTI1_IRQHandler
                0x00000000080009a0       0x10 CMakeFiles/RM2018_CLion_Toolchain.elf.dir/Src/stm32f4xx_it.c.obj
                0x00000000080009a0                EXTI1_IRQHandler
 .text.CAN1_TX_IRQHandler
                0x00000000080009b0       0x14 CMakeFiles/RM2018_CLion_Toolchain.elf.dir/Src/stm32f4xx_it.c.obj
                0x00000000080009b0                CAN1_TX_IRQHandler
 .text.CAN1_RX0_IRQHandler
                0x00000000080009c4       0x14 CMakeFiles/RM2018_CLion_Toolchain.elf.dir/Src/stm32f4xx_it.c.obj
                0x00000000080009c4                CAN1_RX0_IRQHandler
 .text.USART1_IRQHandler
                0x00000000080009d8       0x14 CMakeFiles/RM2018_CLion_Toolchain.elf.dir/Src/stm32f4xx_it.c.obj
                0x00000000080009d8                USART1_IRQHandler
 .text.USART2_IRQHandler
                0x00000000080009ec       0x14 CMakeFiles/RM2018_CLion_Toolchain.elf.dir/Src/stm32f4xx_it.c.obj
                0x00000000080009ec                USART2_IRQHandler
 .text.USART3_IRQHandler
                0x0000000008000a00       0x14 CMakeFiles/RM2018_CLion_Toolchain.elf.dir/Src/stm32f4xx_it.c.obj
                0x0000000008000a00                USART3_IRQHandler
 .text.TIM6_DAC_IRQHandler
                0x0000000008000a14       0x18 CMakeFiles/RM2018_CLion_Toolchain.elf.dir/Src/stm32f4xx_it.c.obj
                0x0000000008000a14                TIM6_DAC_IRQHandler
 .text.DMA2_Stream2_IRQHandler
                0x0000000008000a2c       0x14 CMakeFiles/RM2018_CLion_Toolchain.elf.dir/Src/stm32f4xx_it.c.obj
                0x0000000008000a2c                DMA2_Stream2_IRQHandler
 .text.CAN2_TX_IRQHandler
                0x0000000008000a40       0x14 CMakeFiles/RM2018_CLion_Toolchain.elf.dir/Src/stm32f4xx_it.c.obj
                0x0000000008000a40                CAN2_TX_IRQHandler
 .text.CAN2_RX0_IRQHandler
                0x0000000008000a54       0x14 CMakeFiles/RM2018_CLion_Toolchain.elf.dir/Src/stm32f4xx_it.c.obj
                0x0000000008000a54                CAN2_RX0_IRQHandler
 .text.OTG_FS_IRQHandler
                0x0000000008000a68       0x14 CMakeFiles/RM2018_CLion_Toolchain.elf.dir/Src/stm32f4xx_it.c.obj
                0x0000000008000a68                OTG_FS_IRQHandler
 .text.USART6_IRQHandler
                0x0000000008000a7c       0x14 CMakeFiles/RM2018_CLion_Toolchain.elf.dir/Src/stm32f4xx_it.c.obj
                0x0000000008000a7c                USART6_IRQHandler
 .text.SystemInit
                0x0000000008000a90       0x6c CMakeFiles/RM2018_CLion_Toolchain.elf.dir/Src/system_stm32f4xx.c.obj
                0x0000000008000a90                SystemInit
 .text.MX_TIM2_Init
                0x0000000008000afc       0xfc CMakeFiles/RM2018_CLion_Toolchain.elf.dir/Src/tim.c.obj
                0x0000000008000afc                MX_TIM2_Init
 .text.MX_TIM3_Init
                0x0000000008000bf8       0xbc CMakeFiles/RM2018_CLion_Toolchain.elf.dir/Src/tim.c.obj
                0x0000000008000bf8                MX_TIM3_Init
 .text.MX_TIM4_Init
                0x0000000008000cb4       0xfc CMakeFiles/RM2018_CLion_Toolchain.elf.dir/Src/tim.c.obj
                0x0000000008000cb4                MX_TIM4_Init
 .text.MX_TIM5_Init
                0x0000000008000db0       0xfc CMakeFiles/RM2018_CLion_Toolchain.elf.dir/Src/tim.c.obj
                0x0000000008000db0                MX_TIM5_Init
 .text.MX_TIM6_Init
                0x0000000008000eac       0x5c CMakeFiles/RM2018_CLion_Toolchain.elf.dir/Src/tim.c.obj
                0x0000000008000eac                MX_TIM6_Init
 .text.MX_TIM8_Init
                0x0000000008000f08      0x148 CMakeFiles/RM2018_CLion_Toolchain.elf.dir/Src/tim.c.obj
                0x0000000008000f08                MX_TIM8_Init
 .text.MX_TIM12_Init
                0x0000000008001050       0xbc CMakeFiles/RM2018_CLion_Toolchain.elf.dir/Src/tim.c.obj
                0x0000000008001050                MX_TIM12_Init
 .text.HAL_TIM_Base_MspInit
                0x000000000800110c      0x154 CMakeFiles/RM2018_CLion_Toolchain.elf.dir/Src/tim.c.obj
                0x000000000800110c                HAL_TIM_Base_MspInit
 .text.HAL_TIM_MspPostInit
                0x0000000008001260      0x164 CMakeFiles/RM2018_CLion_Toolchain.elf.dir/Src/tim.c.obj
                0x0000000008001260                HAL_TIM_MspPostInit
 .text.MX_USART1_UART_Init
                0x00000000080013c4       0x5c CMakeFiles/RM2018_CLion_Toolchain.elf.dir/Src/usart.c.obj
                0x00000000080013c4                MX_USART1_UART_Init
 .text.MX_USART2_UART_Init
                0x0000000008001420       0x58 CMakeFiles/RM2018_CLion_Toolchain.elf.dir/Src/usart.c.obj
                0x0000000008001420                MX_USART2_UART_Init
 .text.MX_USART3_UART_Init
                0x0000000008001478       0x58 CMakeFiles/RM2018_CLion_Toolchain.elf.dir/Src/usart.c.obj
                0x0000000008001478                MX_USART3_UART_Init
 .text.MX_USART6_UART_Init
                0x00000000080014d0       0x58 CMakeFiles/RM2018_CLion_Toolchain.elf.dir/Src/usart.c.obj
                0x00000000080014d0                MX_USART6_UART_Init
 .text.HAL_UART_MspInit
                0x0000000008001528      0x1f8 CMakeFiles/RM2018_CLion_Toolchain.elf.dir/Src/usart.c.obj
                0x0000000008001528                HAL_UART_MspInit
 .text.MX_USB_DEVICE_Init
                0x0000000008001720       0x38 CMakeFiles/RM2018_CLion_Toolchain.elf.dir/Src/usb_device.c.obj
                0x0000000008001720                MX_USB_DEVICE_Init
 .text.CDC_Init_FS
                0x0000000008001758       0x28 CMakeFiles/RM2018_CLion_Toolchain.elf.dir/Src/usbd_cdc_if.c.obj
 .text.CDC_DeInit_FS
                0x0000000008001780       0x10 CMakeFiles/RM2018_CLion_Toolchain.elf.dir/Src/usbd_cdc_if.c.obj
 .text.CDC_Control_FS
                0x0000000008001790       0xbc CMakeFiles/RM2018_CLion_Toolchain.elf.dir/Src/usbd_cdc_if.c.obj
 .text.CDC_Receive_FS
                0x000000000800184c       0x28 CMakeFiles/RM2018_CLion_Toolchain.elf.dir/Src/usbd_cdc_if.c.obj
 .text.HAL_PCD_MspInit
                0x0000000008001874       0xa0 CMakeFiles/RM2018_CLion_Toolchain.elf.dir/Src/usbd_conf.c.obj
                0x0000000008001874                HAL_PCD_MspInit
 .text.HAL_PCD_SetupStageCallback
                0x0000000008001914       0x24 CMakeFiles/RM2018_CLion_Toolchain.elf.dir/Src/usbd_conf.c.obj
                0x0000000008001914                HAL_PCD_SetupStageCallback
 .text.HAL_PCD_DataOutStageCallback
                0x0000000008001938       0x38 CMakeFiles/RM2018_CLion_Toolchain.elf.dir/Src/usbd_conf.c.obj
                0x0000000008001938                HAL_PCD_DataOutStageCallback
 .text.HAL_PCD_DataInStageCallback
                0x0000000008001970       0x34 CMakeFiles/RM2018_CLion_Toolchain.elf.dir/Src/usbd_conf.c.obj
                0x0000000008001970                HAL_PCD_DataInStageCallback
 .text.HAL_PCD_SOFCallback
                0x00000000080019a4       0x1c CMakeFiles/RM2018_CLion_Toolchain.elf.dir/Src/usbd_conf.c.obj
                0x00000000080019a4                HAL_PCD_SOFCallback
 .text.HAL_PCD_ResetCallback
                0x00000000080019c0       0x50 CMakeFiles/RM2018_CLion_Toolchain.elf.dir/Src/usbd_conf.c.obj
                0x00000000080019c0                HAL_PCD_ResetCallback
 .text.HAL_PCD_SuspendCallback
                0x0000000008001a10       0x50 CMakeFiles/RM2018_CLion_Toolchain.elf.dir/Src/usbd_conf.c.obj
                0x0000000008001a10                HAL_PCD_SuspendCallback
 .text.HAL_PCD_ResumeCallback
                0x0000000008001a60       0x1c CMakeFiles/RM2018_CLion_Toolchain.elf.dir/Src/usbd_conf.c.obj
                0x0000000008001a60                HAL_PCD_ResumeCallback
 .text.HAL_PCD_ISOOUTIncompleteCallback
                0x0000000008001a7c       0x24 CMakeFiles/RM2018_CLion_Toolchain.elf.dir/Src/usbd_conf.c.obj
                0x0000000008001a7c                HAL_PCD_ISOOUTIncompleteCallback
 .text.HAL_PCD_ISOINIncompleteCallback
                0x0000000008001aa0       0x24 CMakeFiles/RM2018_CLion_Toolchain.elf.dir/Src/usbd_conf.c.obj
                0x0000000008001aa0                HAL_PCD_ISOINIncompleteCallback
 .text.HAL_PCD_ConnectCallback
                0x0000000008001ac4       0x1c CMakeFiles/RM2018_CLion_Toolchain.elf.dir/Src/usbd_conf.c.obj
                0x0000000008001ac4                HAL_PCD_ConnectCallback
 .text.HAL_PCD_DisconnectCallback
                0x0000000008001ae0       0x1c CMakeFiles/RM2018_CLion_Toolchain.elf.dir/Src/usbd_conf.c.obj
                0x0000000008001ae0                HAL_PCD_DisconnectCallback
 .text.USBD_LL_Init
                0x0000000008001afc       0xa0 CMakeFiles/RM2018_CLion_Toolchain.elf.dir/Src/usbd_conf.c.obj
                0x0000000008001afc                USBD_LL_Init
 .text.USBD_LL_Start
                0x0000000008001b9c       0x20 CMakeFiles/RM2018_CLion_Toolchain.elf.dir/Src/usbd_conf.c.obj
                0x0000000008001b9c                USBD_LL_Start
 .text.USBD_LL_OpenEP
                0x0000000008001bbc       0x34 CMakeFiles/RM2018_CLion_Toolchain.elf.dir/Src/usbd_conf.c.obj
                0x0000000008001bbc                USBD_LL_OpenEP
 .text.USBD_LL_CloseEP
                0x0000000008001bf0       0x28 CMakeFiles/RM2018_CLion_Toolchain.elf.dir/Src/usbd_conf.c.obj
                0x0000000008001bf0                USBD_LL_CloseEP
 .text.USBD_LL_StallEP
                0x0000000008001c18       0x28 CMakeFiles/RM2018_CLion_Toolchain.elf.dir/Src/usbd_conf.c.obj
                0x0000000008001c18                USBD_LL_StallEP
 .text.USBD_LL_ClearStallEP
                0x0000000008001c40       0x28 CMakeFiles/RM2018_CLion_Toolchain.elf.dir/Src/usbd_conf.c.obj
                0x0000000008001c40                USBD_LL_ClearStallEP
 .text.USBD_LL_IsStallEP
                0x0000000008001c68       0x58 CMakeFiles/RM2018_CLion_Toolchain.elf.dir/Src/usbd_conf.c.obj
                0x0000000008001c68                USBD_LL_IsStallEP
 .text.USBD_LL_SetUSBAddress
                0x0000000008001cc0       0x28 CMakeFiles/RM2018_CLion_Toolchain.elf.dir/Src/usbd_conf.c.obj
                0x0000000008001cc0                USBD_LL_SetUSBAddress
 .text.USBD_LL_Transmit
                0x0000000008001ce8       0x30 CMakeFiles/RM2018_CLion_Toolchain.elf.dir/Src/usbd_conf.c.obj
                0x0000000008001ce8                USBD_LL_Transmit
 .text.USBD_LL_PrepareReceive
                0x0000000008001d18       0x30 CMakeFiles/RM2018_CLion_Toolchain.elf.dir/Src/usbd_conf.c.obj
                0x0000000008001d18                USBD_LL_PrepareReceive
 .text.USBD_LL_GetRxDataSize
                0x0000000008001d48       0x28 CMakeFiles/RM2018_CLion_Toolchain.elf.dir/Src/usbd_conf.c.obj
                0x0000000008001d48                USBD_LL_GetRxDataSize
 .text.USBD_FS_DeviceDescriptor
                0x0000000008001d70       0x24 CMakeFiles/RM2018_CLion_Toolchain.elf.dir/Src/usbd_desc.c.obj
                0x0000000008001d70                USBD_FS_DeviceDescriptor
 .text.USBD_FS_LangIDStrDescriptor
                0x0000000008001d94       0x24 CMakeFiles/RM2018_CLion_Toolchain.elf.dir/Src/usbd_desc.c.obj
                0x0000000008001d94                USBD_FS_LangIDStrDescriptor
 .text.USBD_FS_ProductStrDescriptor
                0x0000000008001db8       0x3c CMakeFiles/RM2018_CLion_Toolchain.elf.dir/Src/usbd_desc.c.obj
                0x0000000008001db8                USBD_FS_ProductStrDescriptor
 .text.USBD_FS_ManufacturerStrDescriptor
                0x0000000008001df4       0x28 CMakeFiles/RM2018_CLion_Toolchain.elf.dir/Src/usbd_desc.c.obj
                0x0000000008001df4                USBD_FS_ManufacturerStrDescriptor
 .text.USBD_FS_SerialStrDescriptor
                0x0000000008001e1c       0x3c CMakeFiles/RM2018_CLion_Toolchain.elf.dir/Src/usbd_desc.c.obj
                0x0000000008001e1c                USBD_FS_SerialStrDescriptor
 .text.USBD_FS_ConfigStrDescriptor
                0x0000000008001e58       0x3c CMakeFiles/RM2018_CLion_Toolchain.elf.dir/Src/usbd_desc.c.obj
                0x0000000008001e58                USBD_FS_ConfigStrDescriptor
 .text.USBD_FS_InterfaceStrDescriptor
                0x0000000008001e94       0x3c CMakeFiles/RM2018_CLion_Toolchain.elf.dir/Src/usbd_desc.c.obj
                0x0000000008001e94                USBD_FS_InterfaceStrDescriptor
 .text.Test_task
                0x0000000008001ed0      0x1f0 CMakeFiles/RM2018_CLion_Toolchain.elf.dir/Test/Src/test_app.c.obj
                0x0000000008001ed0                Test_task
 .text.Sing     0x00000000080020c0       0x48 CMakeFiles/RM2018_CLion_Toolchain.elf.dir/Test/Src/test_beep.c.obj
                0x00000000080020c0                Sing
 .text.Sing_Startup_music
                0x0000000008002108       0x28 CMakeFiles/RM2018_CLion_Toolchain.elf.dir/Test/Src/test_beep.c.obj
                0x0000000008002108                Sing_Startup_music
 .text.CanFilter_Init
                0x0000000008002130       0x88 CMakeFiles/RM2018_CLion_Toolchain.elf.dir/Test/Src/test_can.c.obj
                0x0000000008002130                CanFilter_Init
 .text.HAL_CAN_RxCpltCallback
                0x00000000080021b8       0x60 CMakeFiles/RM2018_CLion_Toolchain.elf.dir/Test/Src/test_can.c.obj
                0x00000000080021b8                HAL_CAN_RxCpltCallback
 .text.CAN_Send_Msg
                0x0000000008002218       0x6c CMakeFiles/RM2018_CLion_Toolchain.elf.dir/Test/Src/test_can.c.obj
                0x0000000008002218                CAN_Send_Msg
 .text.MPU6500_Write_Reg
                0x0000000008002284       0x70 CMakeFiles/RM2018_CLion_Toolchain.elf.dir/Test/Src/test_imu.c.obj
                0x0000000008002284                MPU6500_Write_Reg
 .text.MPU6500_Read_Reg
                0x00000000080022f4       0x68 CMakeFiles/RM2018_CLion_Toolchain.elf.dir/Test/Src/test_imu.c.obj
                0x00000000080022f4                MPU6500_Read_Reg
 .text.MPU6500_Read_Regs
                0x000000000800235c       0x7c CMakeFiles/RM2018_CLion_Toolchain.elf.dir/Test/Src/test_imu.c.obj
                0x000000000800235c                MPU6500_Read_Regs
 .text.IMU_Get_Data
                0x00000000080023d8       0xcc CMakeFiles/RM2018_CLion_Toolchain.elf.dir/Test/Src/test_imu.c.obj
                0x00000000080023d8                IMU_Get_Data
 .text.MPU6500_Init
                0x00000000080024a4       0xb4 CMakeFiles/RM2018_CLion_Toolchain.elf.dir/Test/Src/test_imu.c.obj
                0x00000000080024a4                MPU6500_Init
 .text.HAL_UART_RxCpltCallback
                0x0000000008002558       0x7c CMakeFiles/RM2018_CLion_Toolchain.elf.dir/Test/Src/test_uart.c.obj
                0x0000000008002558                HAL_UART_RxCpltCallback
 .text.HAL_Init
                0x00000000080025d4       0x44 libHAL.a(stm32f4xx_hal.c.obj)
                0x00000000080025d4                HAL_Init
 .text.HAL_InitTick
                0x0000000008002618       0x38 libHAL.a(stm32f4xx_hal.c.obj)
                0x0000000008002618                HAL_InitTick
 .text.HAL_IncTick
                0x0000000008002650       0x1c libHAL.a(stm32f4xx_hal.c.obj)
                0x0000000008002650                HAL_IncTick
 .text.HAL_GetTick
                0x000000000800266c       0x18 libHAL.a(stm32f4xx_hal.c.obj)
                0x000000000800266c                HAL_GetTick
 .text.HAL_Delay
                0x0000000008002684       0x2c libHAL.a(stm32f4xx_hal.c.obj)
                0x0000000008002684                HAL_Delay
 .text.HAL_CAN_Init
                0x00000000080026b0      0x254 libHAL.a(stm32f4xx_hal_can.c.obj)
                0x00000000080026b0                HAL_CAN_Init
 .text.HAL_CAN_ConfigFilter
                0x0000000008002904      0x198 libHAL.a(stm32f4xx_hal_can.c.obj)
                0x0000000008002904                HAL_CAN_ConfigFilter
 .text.HAL_CAN_Transmit
                0x0000000008002a9c      0x2ec libHAL.a(stm32f4xx_hal_can.c.obj)
                0x0000000008002a9c                HAL_CAN_Transmit
 .text.HAL_CAN_Receive_IT
                0x0000000008002d88       0xf4 libHAL.a(stm32f4xx_hal_can.c.obj)
                0x0000000008002d88                HAL_CAN_Receive_IT
 .text.HAL_CAN_IRQHandler
                0x0000000008002e7c      0x330 libHAL.a(stm32f4xx_hal_can.c.obj)
                0x0000000008002e7c                HAL_CAN_IRQHandler
 .text.HAL_CAN_TxCpltCallback
                0x00000000080031ac       0x14 libHAL.a(stm32f4xx_hal_can.c.obj)
                0x00000000080031ac                HAL_CAN_TxCpltCallback
 .text.HAL_CAN_ErrorCallback
                0x00000000080031c0       0x14 libHAL.a(stm32f4xx_hal_can.c.obj)
                0x00000000080031c0                HAL_CAN_ErrorCallback
 .text.CAN_Transmit_IT
                0x00000000080031d4       0xa4 libHAL.a(stm32f4xx_hal_can.c.obj)
 .text.CAN_Receive_IT
                0x0000000008003278      0x240 libHAL.a(stm32f4xx_hal_can.c.obj)
 .text.NVIC_SetPriorityGrouping
                0x00000000080034b8       0x48 libHAL.a(stm32f4xx_hal_cortex.c.obj)
 .text.NVIC_GetPriorityGrouping
                0x0000000008003500       0x1c libHAL.a(stm32f4xx_hal_cortex.c.obj)
 .text.NVIC_EnableIRQ
                0x000000000800351c       0x34 libHAL.a(stm32f4xx_hal_cortex.c.obj)
 .text.NVIC_SetPriority
                0x0000000008003550       0x54 libHAL.a(stm32f4xx_hal_cortex.c.obj)
 .text.NVIC_EncodePriority
                0x00000000080035a4       0x64 libHAL.a(stm32f4xx_hal_cortex.c.obj)
 .text.SysTick_Config
                0x0000000008003608       0x44 libHAL.a(stm32f4xx_hal_cortex.c.obj)
 .text.HAL_NVIC_SetPriorityGrouping
                0x000000000800364c       0x18 libHAL.a(stm32f4xx_hal_cortex.c.obj)
                0x000000000800364c                HAL_NVIC_SetPriorityGrouping
 .text.HAL_NVIC_SetPriority
                0x0000000008003664       0x38 libHAL.a(stm32f4xx_hal_cortex.c.obj)
                0x0000000008003664                HAL_NVIC_SetPriority
 .text.HAL_NVIC_EnableIRQ
                0x000000000800369c       0x1c libHAL.a(stm32f4xx_hal_cortex.c.obj)
                0x000000000800369c                HAL_NVIC_EnableIRQ
 .text.HAL_SYSTICK_Config
                0x00000000080036b8       0x18 libHAL.a(stm32f4xx_hal_cortex.c.obj)
                0x00000000080036b8                HAL_SYSTICK_Config
 .text.HAL_SYSTICK_CLKSourceConfig
                0x00000000080036d0       0x38 libHAL.a(stm32f4xx_hal_cortex.c.obj)
                0x00000000080036d0                HAL_SYSTICK_CLKSourceConfig
 .text.HAL_SYSTICK_IRQHandler
                0x0000000008003708        0xc libHAL.a(stm32f4xx_hal_cortex.c.obj)
                0x0000000008003708                HAL_SYSTICK_IRQHandler
 .text.HAL_SYSTICK_Callback
                0x0000000008003714       0x10 libHAL.a(stm32f4xx_hal_cortex.c.obj)
                0x0000000008003714                HAL_SYSTICK_Callback
 .text.HAL_DMA_Init
                0x0000000008003724      0x154 libHAL.a(stm32f4xx_hal_dma.c.obj)
                0x0000000008003724                HAL_DMA_Init
 .text.HAL_DMA_Abort_IT
                0x0000000008003878       0x44 libHAL.a(stm32f4xx_hal_dma.c.obj)
                0x0000000008003878                HAL_DMA_Abort_IT
 .text.HAL_DMA_IRQHandler
                0x00000000080038bc      0x320 libHAL.a(stm32f4xx_hal_dma.c.obj)
                0x00000000080038bc                HAL_DMA_IRQHandler
 .text.DMA_CalcBaseAndBitshift
                0x0000000008003bdc       0x6c libHAL.a(stm32f4xx_hal_dma.c.obj)
 .text.DMA_CheckFifoParam
                0x0000000008003c48      0x114 libHAL.a(stm32f4xx_hal_dma.c.obj)
 .text.HAL_GPIO_Init
                0x0000000008003d5c      0x354 libHAL.a(stm32f4xx_hal_gpio.c.obj)
                0x0000000008003d5c                HAL_GPIO_Init
 .text.HAL_GPIO_ReadPin
                0x00000000080040b0       0x30 libHAL.a(stm32f4xx_hal_gpio.c.obj)
                0x00000000080040b0                HAL_GPIO_ReadPin
 .text.HAL_GPIO_WritePin
                0x00000000080040e0       0x34 libHAL.a(stm32f4xx_hal_gpio.c.obj)
                0x00000000080040e0                HAL_GPIO_WritePin
 .text.HAL_GPIO_TogglePin
                0x0000000008004114       0x24 libHAL.a(stm32f4xx_hal_gpio.c.obj)
                0x0000000008004114                HAL_GPIO_TogglePin
 .text.HAL_GPIO_EXTI_IRQHandler
                0x0000000008004138       0x30 libHAL.a(stm32f4xx_hal_gpio.c.obj)
                0x0000000008004138                HAL_GPIO_EXTI_IRQHandler
 .text.HAL_GPIO_EXTI_Callback
                0x0000000008004168       0x18 libHAL.a(stm32f4xx_hal_gpio.c.obj)
                0x0000000008004168                HAL_GPIO_EXTI_Callback
 .text.HAL_PCD_Init
                0x0000000008004180      0x210 libHAL.a(stm32f4xx_hal_pcd.c.obj)
                0x0000000008004180                HAL_PCD_Init
 .text.HAL_PCD_Start
                0x0000000008004390       0x44 libHAL.a(stm32f4xx_hal_pcd.c.obj)
                0x0000000008004390                HAL_PCD_Start
 .text.HAL_PCD_IRQHandler
                0x00000000080043d4      0x900 libHAL.a(stm32f4xx_hal_pcd.c.obj)
                0x00000000080043d4                HAL_PCD_IRQHandler
 .text.HAL_PCD_SetAddress
                0x0000000008004cd4       0x44 libHAL.a(stm32f4xx_hal_pcd.c.obj)
                0x0000000008004cd4                HAL_PCD_SetAddress
 .text.HAL_PCD_EP_Open
                0x0000000008004d18       0xd4 libHAL.a(stm32f4xx_hal_pcd.c.obj)
                0x0000000008004d18                HAL_PCD_EP_Open
 .text.HAL_PCD_EP_Close
                0x0000000008004dec       0x98 libHAL.a(stm32f4xx_hal_pcd.c.obj)
                0x0000000008004dec                HAL_PCD_EP_Close
 .text.HAL_PCD_EP_Receive
                0x0000000008004e84       0xb4 libHAL.a(stm32f4xx_hal_pcd.c.obj)
                0x0000000008004e84                HAL_PCD_EP_Receive
 .text.HAL_PCD_EP_GetRxCount
                0x0000000008004f38       0x34 libHAL.a(stm32f4xx_hal_pcd.c.obj)
                0x0000000008004f38                HAL_PCD_EP_GetRxCount
 .text.HAL_PCD_EP_Transmit
                0x0000000008004f6c       0xb0 libHAL.a(stm32f4xx_hal_pcd.c.obj)
                0x0000000008004f6c                HAL_PCD_EP_Transmit
 .text.HAL_PCD_EP_SetStall
                0x000000000800501c       0xb8 libHAL.a(stm32f4xx_hal_pcd.c.obj)
                0x000000000800501c                HAL_PCD_EP_SetStall
 .text.HAL_PCD_EP_ClrStall
                0x00000000080050d4       0x98 libHAL.a(stm32f4xx_hal_pcd.c.obj)
                0x00000000080050d4                HAL_PCD_EP_ClrStall
 .text.PCD_WriteEmptyTxFifo
                0x000000000800516c      0x104 libHAL.a(stm32f4xx_hal_pcd.c.obj)
 .text.HAL_PCDEx_SetTxFiFo
                0x0000000008005270       0x98 libHAL.a(stm32f4xx_hal_pcd_ex.c.obj)
                0x0000000008005270                HAL_PCDEx_SetTxFiFo
 .text.HAL_PCDEx_SetRxFiFo
                0x0000000008005308       0x24 libHAL.a(stm32f4xx_hal_pcd_ex.c.obj)
                0x0000000008005308                HAL_PCDEx_SetRxFiFo
 .text.HAL_RCC_OscConfig
                0x000000000800532c      0x424 libHAL.a(stm32f4xx_hal_rcc.c.obj)
                0x000000000800532c                HAL_RCC_OscConfig
 .text.HAL_RCC_ClockConfig
                0x0000000008005750      0x224 libHAL.a(stm32f4xx_hal_rcc.c.obj)
                0x0000000008005750                HAL_RCC_ClockConfig
 .text.HAL_RCC_GetSysClockFreq
                0x0000000008005974       0xfc libHAL.a(stm32f4xx_hal_rcc.c.obj)
                0x0000000008005974                HAL_RCC_GetSysClockFreq
 .text.HAL_RCC_GetHCLKFreq
                0x0000000008005a70       0x18 libHAL.a(stm32f4xx_hal_rcc.c.obj)
                0x0000000008005a70                HAL_RCC_GetHCLKFreq
 .text.HAL_RCC_GetPCLK1Freq
                0x0000000008005a88       0x44 libHAL.a(stm32f4xx_hal_rcc.c.obj)
                0x0000000008005a88                HAL_RCC_GetPCLK1Freq
 .text.HAL_RCC_GetPCLK2Freq
                0x0000000008005acc       0x44 libHAL.a(stm32f4xx_hal_rcc.c.obj)
                0x0000000008005acc                HAL_RCC_GetPCLK2Freq
 .text.HAL_SPI_Init
                0x0000000008005b10       0xc8 libHAL.a(stm32f4xx_hal_spi.c.obj)
                0x0000000008005b10                HAL_SPI_Init
 .text.HAL_SPI_TransmitReceive
                0x0000000008005bd8      0x340 libHAL.a(stm32f4xx_hal_spi.c.obj)
                0x0000000008005bd8                HAL_SPI_TransmitReceive
 .text.SPI_WaitFlagStateUntilTimeout
                0x0000000008005f18       0xd4 libHAL.a(stm32f4xx_hal_spi.c.obj)
 .text.SPI_CheckFlag_BSY
                0x0000000008005fec       0x3c libHAL.a(stm32f4xx_hal_spi.c.obj)
 .text.HAL_TIM_Base_Init
                0x0000000008006028       0x58 libHAL.a(stm32f4xx_hal_tim.c.obj)
                0x0000000008006028                HAL_TIM_Base_Init
 .text.HAL_TIM_Base_Start_IT
                0x0000000008006080       0x38 libHAL.a(stm32f4xx_hal_tim.c.obj)
                0x0000000008006080                HAL_TIM_Base_Start_IT
 .text.HAL_TIM_PWM_Init
                0x00000000080060b8       0x58 libHAL.a(stm32f4xx_hal_tim.c.obj)
                0x00000000080060b8                HAL_TIM_PWM_Init
 .text.HAL_TIM_PWM_MspInit
                0x0000000008006110       0x14 libHAL.a(stm32f4xx_hal_tim.c.obj)
                0x0000000008006110                HAL_TIM_PWM_MspInit
 .text.HAL_TIM_PWM_Start
                0x0000000008006124       0x68 libHAL.a(stm32f4xx_hal_tim.c.obj)
                0x0000000008006124                HAL_TIM_PWM_Start
 .text.HAL_TIM_IRQHandler
                0x000000000800618c      0x210 libHAL.a(stm32f4xx_hal_tim.c.obj)
                0x000000000800618c                HAL_TIM_IRQHandler
 .text.HAL_TIM_PWM_ConfigChannel
                0x000000000800639c      0x18c libHAL.a(stm32f4xx_hal_tim.c.obj)
                0x000000000800639c                HAL_TIM_PWM_ConfigChannel
 .text.HAL_TIM_ConfigClockSource
                0x0000000008006528      0x1b8 libHAL.a(stm32f4xx_hal_tim.c.obj)
                0x0000000008006528                HAL_TIM_ConfigClockSource
 .text.HAL_TIM_PeriodElapsedCallback
                0x00000000080066e0       0x14 libHAL.a(stm32f4xx_hal_tim.c.obj)
                0x00000000080066e0                HAL_TIM_PeriodElapsedCallback
 .text.HAL_TIM_OC_DelayElapsedCallback
                0x00000000080066f4       0x14 libHAL.a(stm32f4xx_hal_tim.c.obj)
                0x00000000080066f4                HAL_TIM_OC_DelayElapsedCallback
 .text.HAL_TIM_IC_CaptureCallback
                0x0000000008006708       0x14 libHAL.a(stm32f4xx_hal_tim.c.obj)
                0x0000000008006708                HAL_TIM_IC_CaptureCallback
 .text.HAL_TIM_PWM_PulseFinishedCallback
                0x000000000800671c       0x14 libHAL.a(stm32f4xx_hal_tim.c.obj)
                0x000000000800671c                HAL_TIM_PWM_PulseFinishedCallback
 .text.HAL_TIM_TriggerCallback
                0x0000000008006730       0x14 libHAL.a(stm32f4xx_hal_tim.c.obj)
                0x0000000008006730                HAL_TIM_TriggerCallback
 .text.TIM_Base_SetConfig
                0x0000000008006744      0x154 libHAL.a(stm32f4xx_hal_tim.c.obj)
                0x0000000008006744                TIM_Base_SetConfig
 .text.TIM_OC2_SetConfig
                0x0000000008006898       0xf0 libHAL.a(stm32f4xx_hal_tim.c.obj)
                0x0000000008006898                TIM_OC2_SetConfig
 .text.TIM_CCxChannelCmd
                0x0000000008006988       0x48 libHAL.a(stm32f4xx_hal_tim.c.obj)
                0x0000000008006988                TIM_CCxChannelCmd
 .text.TIM_OC1_SetConfig
                0x00000000080069d0       0xe8 libHAL.a(stm32f4xx_hal_tim.c.obj)
 .text.TIM_OC3_SetConfig
                0x0000000008006ab8       0xf0 libHAL.a(stm32f4xx_hal_tim.c.obj)
 .text.TIM_OC4_SetConfig
                0x0000000008006ba8       0xc0 libHAL.a(stm32f4xx_hal_tim.c.obj)
 .text.TIM_TI1_ConfigInputStage
                0x0000000008006c68       0x68 libHAL.a(stm32f4xx_hal_tim.c.obj)
 .text.TIM_TI2_ConfigInputStage
                0x0000000008006cd0       0x68 libHAL.a(stm32f4xx_hal_tim.c.obj)
 .text.TIM_ITRx_SetConfig
                0x0000000008006d38       0x40 libHAL.a(stm32f4xx_hal_tim.c.obj)
 .text.TIM_ETR_SetConfig
                0x0000000008006d78       0x44 libHAL.a(stm32f4xx_hal_tim.c.obj)
 .text.HAL_TIMEx_MasterConfigSynchronization
                0x0000000008006dbc       0x8c libHAL.a(stm32f4xx_hal_tim_ex.c.obj)
                0x0000000008006dbc                HAL_TIMEx_MasterConfigSynchronization
 .text.HAL_TIMEx_ConfigBreakDeadTime
                0x0000000008006e48       0x74 libHAL.a(stm32f4xx_hal_tim_ex.c.obj)
                0x0000000008006e48                HAL_TIMEx_ConfigBreakDeadTime
 .text.HAL_TIMEx_CommutationCallback
                0x0000000008006ebc       0x14 libHAL.a(stm32f4xx_hal_tim_ex.c.obj)
                0x0000000008006ebc                HAL_TIMEx_CommutationCallback
 .text.HAL_TIMEx_BreakCallback
                0x0000000008006ed0       0x14 libHAL.a(stm32f4xx_hal_tim_ex.c.obj)
                0x0000000008006ed0                HAL_TIMEx_BreakCallback
 .text.HAL_MultiProcessor_Init
                0x0000000008006ee4       0xe0 libHAL.a(stm32f4xx_hal_uart.c.obj)
                0x0000000008006ee4                HAL_MultiProcessor_Init
 .text.HAL_UART_Transmit
                0x0000000008006fc4      0x130 libHAL.a(stm32f4xx_hal_uart.c.obj)
                0x0000000008006fc4                HAL_UART_Transmit
 .text.HAL_UART_Receive_IT
                0x00000000080070f4       0x9c libHAL.a(stm32f4xx_hal_uart.c.obj)
                0x00000000080070f4                HAL_UART_Receive_IT
 .text.HAL_UART_IRQHandler
                0x0000000008007190      0x1f8 libHAL.a(stm32f4xx_hal_uart.c.obj)
                0x0000000008007190                HAL_UART_IRQHandler
 .text.HAL_UART_TxCpltCallback
                0x0000000008007388       0x14 libHAL.a(stm32f4xx_hal_uart.c.obj)
                0x0000000008007388                HAL_UART_TxCpltCallback
 .text.HAL_UART_ErrorCallback
                0x000000000800739c       0x14 libHAL.a(stm32f4xx_hal_uart.c.obj)
                0x000000000800739c                HAL_UART_ErrorCallback
 .text.UART_WaitOnFlagUntilTimeout
                0x00000000080073b0       0x94 libHAL.a(stm32f4xx_hal_uart.c.obj)
 .text.UART_EndRxTransfer
                0x0000000008007444       0x3c libHAL.a(stm32f4xx_hal_uart.c.obj)
 .text.UART_DMAAbortOnError
                0x0000000008007480       0x28 libHAL.a(stm32f4xx_hal_uart.c.obj)
 .text.UART_Transmit_IT
                0x00000000080074a8       0xac libHAL.a(stm32f4xx_hal_uart.c.obj)
 .text.UART_EndTransmit_IT
                0x0000000008007554       0x30 libHAL.a(stm32f4xx_hal_uart.c.obj)
 .text.UART_Receive_IT
                0x0000000008007584       0xf4 libHAL.a(stm32f4xx_hal_uart.c.obj)
 .text.UART_SetConfig
                0x0000000008007678      0x438 libHAL.a(stm32f4xx_hal_uart.c.obj)
 .text.USB_CoreInit
                0x0000000008007ab0       0x98 libHAL.a(stm32f4xx_ll_usb.c.obj)
                0x0000000008007ab0                USB_CoreInit
 .text.USB_EnableGlobalInt
                0x0000000008007b48       0x24 libHAL.a(stm32f4xx_ll_usb.c.obj)
                0x0000000008007b48                USB_EnableGlobalInt
 .text.USB_DisableGlobalInt
                0x0000000008007b6c       0x24 libHAL.a(stm32f4xx_ll_usb.c.obj)
                0x0000000008007b6c                USB_DisableGlobalInt
 .text.USB_SetCurrentMode
                0x0000000008007b90       0x50 libHAL.a(stm32f4xx_ll_usb.c.obj)
                0x0000000008007b90                USB_SetCurrentMode
 .text.USB_DevInit
                0x0000000008007be0      0x258 libHAL.a(stm32f4xx_ll_usb.c.obj)
                0x0000000008007be0                USB_DevInit
 .text.USB_FlushTxFifo
                0x0000000008007e38       0x4c libHAL.a(stm32f4xx_ll_usb.c.obj)
                0x0000000008007e38                USB_FlushTxFifo
 .text.USB_FlushRxFifo
                0x0000000008007e84       0x44 libHAL.a(stm32f4xx_ll_usb.c.obj)
                0x0000000008007e84                USB_FlushRxFifo
 .text.USB_SetDevSpeed
                0x0000000008007ec8       0x30 libHAL.a(stm32f4xx_ll_usb.c.obj)
                0x0000000008007ec8                USB_SetDevSpeed
 .text.USB_GetDevSpeed
                0x0000000008007ef8       0x6c libHAL.a(stm32f4xx_ll_usb.c.obj)
                0x0000000008007ef8                USB_GetDevSpeed
 .text.USB_ActivateEndpoint
                0x0000000008007f64      0x114 libHAL.a(stm32f4xx_ll_usb.c.obj)
                0x0000000008007f64                USB_ActivateEndpoint
 .text.USB_DeactivateEndpoint
                0x0000000008008078       0xf8 libHAL.a(stm32f4xx_ll_usb.c.obj)
                0x0000000008008078                USB_DeactivateEndpoint
 .text.USB_EPStartXfer
                0x0000000008008170      0x484 libHAL.a(stm32f4xx_ll_usb.c.obj)
                0x0000000008008170                USB_EPStartXfer
 .text.USB_EP0StartXfer
                0x00000000080085f4      0x2bc libHAL.a(stm32f4xx_ll_usb.c.obj)
                0x00000000080085f4                USB_EP0StartXfer
 .text.USB_WritePacket
                0x00000000080088b0       0x6c libHAL.a(stm32f4xx_ll_usb.c.obj)
                0x00000000080088b0                USB_WritePacket
 .text.USB_ReadPacket
                0x000000000800891c       0x50 libHAL.a(stm32f4xx_ll_usb.c.obj)
                0x000000000800891c                USB_ReadPacket
 .text.USB_EPSetStall
                0x000000000800896c       0xe4 libHAL.a(stm32f4xx_ll_usb.c.obj)
                0x000000000800896c                USB_EPSetStall
 .text.USB_EPClearStall
                0x0000000008008a50       0xdc libHAL.a(stm32f4xx_ll_usb.c.obj)
                0x0000000008008a50                USB_EPClearStall
 .text.USB_SetDevAddress
                0x0000000008008b2c       0x4c libHAL.a(stm32f4xx_ll_usb.c.obj)
                0x0000000008008b2c                USB_SetDevAddress
 .text.USB_DevConnect
                0x0000000008008b78       0x30 libHAL.a(stm32f4xx_ll_usb.c.obj)
                0x0000000008008b78                USB_DevConnect
 .text.USB_DevDisconnect
                0x0000000008008ba8       0x30 libHAL.a(stm32f4xx_ll_usb.c.obj)
                0x0000000008008ba8                USB_DevDisconnect
 .text.USB_ReadInterrupts
                0x0000000008008bd8       0x2c libHAL.a(stm32f4xx_ll_usb.c.obj)
                0x0000000008008bd8                USB_ReadInterrupts
 .text.USB_ReadDevAllOutEpInterrupt
                0x0000000008008c04       0x30 libHAL.a(stm32f4xx_ll_usb.c.obj)
                0x0000000008008c04                USB_ReadDevAllOutEpInterrupt
 .text.USB_ReadDevAllInEpInterrupt
                0x0000000008008c34       0x30 libHAL.a(stm32f4xx_ll_usb.c.obj)
                0x0000000008008c34                USB_ReadDevAllInEpInterrupt
 .text.USB_ReadDevOutEPInterrupt
                0x0000000008008c64       0x38 libHAL.a(stm32f4xx_ll_usb.c.obj)
                0x0000000008008c64                USB_ReadDevOutEPInterrupt
 .text.USB_ReadDevInEPInterrupt
                0x0000000008008c9c       0x54 libHAL.a(stm32f4xx_ll_usb.c.obj)
                0x0000000008008c9c                USB_ReadDevInEPInterrupt
 .text.USB_GetMode
                0x0000000008008cf0       0x1c libHAL.a(stm32f4xx_ll_usb.c.obj)
                0x0000000008008cf0                USB_GetMode
 .text.USB_ActivateSetup
                0x0000000008008d0c       0x6c libHAL.a(stm32f4xx_ll_usb.c.obj)
                0x0000000008008d0c                USB_ActivateSetup
 .text.USB_EP0_OutStart
                0x0000000008008d78       0x8c libHAL.a(stm32f4xx_ll_usb.c.obj)
                0x0000000008008d78                USB_EP0_OutStart
 .text.USB_CoreReset
                0x0000000008008e04       0x68 libHAL.a(stm32f4xx_ll_usb.c.obj)
 .text.Reset_Handler
                0x0000000008008e6c       0x50 libCMSIS.a(startup_stm32f427xx.s.obj)
                0x0000000008008e6c                Reset_Handler
 .text.Default_Handler
                0x0000000008008ebc        0x2 libCMSIS.a(startup_stm32f427xx.s.obj)
                0x0000000008008ebc                DMA1_Stream3_IRQHandler
                0x0000000008008ebc                HASH_RNG_IRQHandler
                0x0000000008008ebc                EXTI2_IRQHandler
                0x0000000008008ebc                TIM8_CC_IRQHandler
                0x0000000008008ebc                UART8_IRQHandler
                0x0000000008008ebc                SPI4_IRQHandler
                0x0000000008008ebc                TIM1_CC_IRQHandler
                0x0000000008008ebc                DMA2_Stream5_IRQHandler
                0x0000000008008ebc                DMA1_Stream5_IRQHandler
                0x0000000008008ebc                PVD_IRQHandler
                0x0000000008008ebc                SDIO_IRQHandler
                0x0000000008008ebc                TAMP_STAMP_IRQHandler
                0x0000000008008ebc                CAN2_RX1_IRQHandler
                0x0000000008008ebc                EXTI3_IRQHandler
                0x0000000008008ebc                TIM8_TRG_COM_TIM14_IRQHandler
                0x0000000008008ebc                TIM1_UP_TIM10_IRQHandler
                0x0000000008008ebc                TIM8_UP_TIM13_IRQHandler
                0x0000000008008ebc                I2C3_ER_IRQHandler
                0x0000000008008ebc                EXTI0_IRQHandler
                0x0000000008008ebc                I2C2_EV_IRQHandler
                0x0000000008008ebc                DMA1_Stream2_IRQHandler
                0x0000000008008ebc                FPU_IRQHandler
                0x0000000008008ebc                OTG_HS_WKUP_IRQHandler
                0x0000000008008ebc                CAN2_SCE_IRQHandler
                0x0000000008008ebc                SPI1_IRQHandler
                0x0000000008008ebc                TIM1_BRK_TIM9_IRQHandler
                0x0000000008008ebc                DCMI_IRQHandler
                0x0000000008008ebc                DMA2_Stream3_IRQHandler
                0x0000000008008ebc                CAN1_RX1_IRQHandler
                0x0000000008008ebc                UART5_IRQHandler
                0x0000000008008ebc                DMA2_Stream0_IRQHandler
                0x0000000008008ebc                TIM4_IRQHandler
                0x0000000008008ebc                I2C1_EV_IRQHandler
                0x0000000008008ebc                DMA1_Stream6_IRQHandler
                0x0000000008008ebc                DMA1_Stream1_IRQHandler
                0x0000000008008ebc                UART4_IRQHandler
                0x0000000008008ebc                TIM3_IRQHandler
                0x0000000008008ebc                RCC_IRQHandler
                0x0000000008008ebc                TIM8_BRK_TIM12_IRQHandler
                0x0000000008008ebc                Default_Handler
                0x0000000008008ebc                EXTI15_10_IRQHandler
                0x0000000008008ebc                ADC_IRQHandler
                0x0000000008008ebc                DMA1_Stream7_IRQHandler
                0x0000000008008ebc                SPI5_IRQHandler
                0x0000000008008ebc                TIM7_IRQHandler
                0x0000000008008ebc                TIM5_IRQHandler
                0x0000000008008ebc                DMA2_Stream7_IRQHandler
                0x0000000008008ebc                I2C3_EV_IRQHandler
                0x0000000008008ebc                EXTI9_5_IRQHandler
                0x0000000008008ebc                RTC_WKUP_IRQHandler
                0x0000000008008ebc                ETH_WKUP_IRQHandler
                0x0000000008008ebc                SPI2_IRQHandler
                0x0000000008008ebc                OTG_HS_EP1_IN_IRQHandler
                0x0000000008008ebc                DMA1_Stream0_IRQHandler
                0x0000000008008ebc                EXTI4_IRQHandler
                0x0000000008008ebc                ETH_IRQHandler
                0x0000000008008ebc                OTG_HS_EP1_OUT_IRQHandler
                0x0000000008008ebc                WWDG_IRQHandler
                0x0000000008008ebc                SPI6_IRQHandler
                0x0000000008008ebc                TIM2_IRQHandler
                0x0000000008008ebc                OTG_FS_WKUP_IRQHandler
                0x0000000008008ebc                TIM1_TRG_COM_TIM11_IRQHandler
                0x0000000008008ebc                OTG_HS_IRQHandler
                0x0000000008008ebc                DMA2D_IRQHandler
                0x0000000008008ebc                UART7_IRQHandler
                0x0000000008008ebc                I2C2_ER_IRQHandler
                0x0000000008008ebc                DMA2_Stream1_IRQHandler
                0x0000000008008ebc                CAN1_SCE_IRQHandler
                0x0000000008008ebc                FLASH_IRQHandler
                0x0000000008008ebc                DMA2_Stream4_IRQHandler
                0x0000000008008ebc                SPI3_IRQHandler
                0x0000000008008ebc                DMA1_Stream4_IRQHandler
                0x0000000008008ebc                I2C1_ER_IRQHandler
                0x0000000008008ebc                FMC_IRQHandler
                0x0000000008008ebc                DMA2_Stream6_IRQHandler
                0x0000000008008ebc                SAI1_IRQHandler
                0x0000000008008ebc                RTC_Alarm_IRQHandler
 *fill*         0x0000000008008ebe        0x2 
 .text.USBD_CDC_Init
                0x0000000008008ec0       0xd4 libUSB.a(usbd_cdc.c.obj)
 .text.USBD_CDC_DeInit
                0x0000000008008f94       0x5c libUSB.a(usbd_cdc.c.obj)
 .text.USBD_CDC_Setup
                0x0000000008008ff0       0xbc libUSB.a(usbd_cdc.c.obj)
 .text.USBD_CDC_DataIn
                0x00000000080090ac       0x38 libUSB.a(usbd_cdc.c.obj)
 .text.USBD_CDC_DataOut
                0x00000000080090e4       0x58 libUSB.a(usbd_cdc.c.obj)
 .text.USBD_CDC_EP0_RxReady
                0x000000000800913c       0x50 libUSB.a(usbd_cdc.c.obj)
 .text.USBD_CDC_GetFSCfgDesc
                0x000000000800918c       0x20 libUSB.a(usbd_cdc.c.obj)
 .text.USBD_CDC_GetHSCfgDesc
                0x00000000080091ac       0x20 libUSB.a(usbd_cdc.c.obj)
 .text.USBD_CDC_GetOtherSpeedCfgDesc
                0x00000000080091cc       0x20 libUSB.a(usbd_cdc.c.obj)
 .text.USBD_CDC_GetDeviceQualifierDescriptor
                0x00000000080091ec       0x20 libUSB.a(usbd_cdc.c.obj)
                0x00000000080091ec                USBD_CDC_GetDeviceQualifierDescriptor
 .text.USBD_CDC_RegisterInterface
                0x000000000800920c       0x30 libUSB.a(usbd_cdc.c.obj)
                0x000000000800920c                USBD_CDC_RegisterInterface
 .text.USBD_CDC_SetTxBuffer
                0x000000000800923c       0x34 libUSB.a(usbd_cdc.c.obj)
                0x000000000800923c                USBD_CDC_SetTxBuffer
 .text.USBD_CDC_SetRxBuffer
                0x0000000008009270       0x28 libUSB.a(usbd_cdc.c.obj)
                0x0000000008009270                USBD_CDC_SetRxBuffer
 .text.USBD_CDC_ReceivePacket
                0x0000000008009298       0x54 libUSB.a(usbd_cdc.c.obj)
                0x0000000008009298                USBD_CDC_ReceivePacket
 .text.USBD_Init
                0x00000000080092ec       0x58 libUSB.a(usbd_core.c.obj)
                0x00000000080092ec                USBD_Init
 .text.USBD_RegisterClass
                0x0000000008009344       0x34 libUSB.a(usbd_core.c.obj)
                0x0000000008009344                USBD_RegisterClass
 .text.USBD_Start
                0x0000000008009378       0x18 libUSB.a(usbd_core.c.obj)
                0x0000000008009378                USBD_Start
 .text.USBD_RunTestMode
                0x0000000008009390       0x18 libUSB.a(usbd_core.c.obj)
                0x0000000008009390                USBD_RunTestMode
 .text.USBD_SetClassConfig
                0x00000000080093a8       0x40 libUSB.a(usbd_core.c.obj)
                0x00000000080093a8                USBD_SetClassConfig
 .text.USBD_ClrClassConfig
                0x00000000080093e8       0x28 libUSB.a(usbd_core.c.obj)
                0x00000000080093e8                USBD_ClrClassConfig
 .text.USBD_LL_SetupStage
                0x0000000008009410       0x94 libUSB.a(usbd_core.c.obj)
                0x0000000008009410                USBD_LL_SetupStage
 .text.USBD_LL_DataOutStage
                0x00000000080094a4       0xb8 libUSB.a(usbd_core.c.obj)
                0x00000000080094a4                USBD_LL_DataOutStage
 .text.USBD_LL_DataInStage
                0x000000000800955c      0x120 libUSB.a(usbd_core.c.obj)
                0x000000000800955c                USBD_LL_DataInStage
 .text.USBD_LL_Reset
                0x000000000800967c       0x60 libUSB.a(usbd_core.c.obj)
                0x000000000800967c                USBD_LL_Reset
 .text.USBD_LL_SetSpeed
                0x00000000080096dc       0x20 libUSB.a(usbd_core.c.obj)
                0x00000000080096dc                USBD_LL_SetSpeed
 .text.USBD_LL_Suspend
                0x00000000080096fc       0x2c libUSB.a(usbd_core.c.obj)
                0x00000000080096fc                USBD_LL_Suspend
 .text.USBD_LL_Resume
                0x0000000008009728       0x24 libUSB.a(usbd_core.c.obj)
                0x0000000008009728                USBD_LL_Resume
 .text.USBD_LL_SOF
                0x000000000800974c       0x34 libUSB.a(usbd_core.c.obj)
                0x000000000800974c                USBD_LL_SOF
 .text.USBD_LL_IsoINIncomplete
                0x0000000008009780       0x1c libUSB.a(usbd_core.c.obj)
                0x0000000008009780                USBD_LL_IsoINIncomplete
 .text.USBD_LL_IsoOUTIncomplete
                0x000000000800979c       0x1c libUSB.a(usbd_core.c.obj)
                0x000000000800979c                USBD_LL_IsoOUTIncomplete
 .text.USBD_LL_DevConnected
                0x00000000080097b8       0x18 libUSB.a(usbd_core.c.obj)
                0x00000000080097b8                USBD_LL_DevConnected
 .text.USBD_LL_DevDisconnected
                0x00000000080097d0       0x30 libUSB.a(usbd_core.c.obj)
                0x00000000080097d0                USBD_LL_DevDisconnected
 .text.USBD_StdDevReq
                0x0000000008009800       0xa0 libUSB.a(usbd_ctlreq.c.obj)
                0x0000000008009800                USBD_StdDevReq
 .text.USBD_StdItfReq
                0x00000000080098a0       0x68 libUSB.a(usbd_ctlreq.c.obj)
                0x00000000080098a0                USBD_StdItfReq
 .text.USBD_StdEPReq
                0x0000000008009908      0x1b0 libUSB.a(usbd_ctlreq.c.obj)
                0x0000000008009908                USBD_StdEPReq
 .text.USBD_GetDescriptor
                0x0000000008009ab8      0x1e8 libUSB.a(usbd_ctlreq.c.obj)
 .text.USBD_SetAddress
                0x0000000008009ca0       0x7c libUSB.a(usbd_ctlreq.c.obj)
 .text.USBD_SetConfig
                0x0000000008009d1c      0x110 libUSB.a(usbd_ctlreq.c.obj)
 .text.USBD_GetConfig
                0x0000000008009e2c       0x64 libUSB.a(usbd_ctlreq.c.obj)
 .text.USBD_GetStatus
                0x0000000008009e90       0x54 libUSB.a(usbd_ctlreq.c.obj)
 .text.USBD_SetFeature
                0x0000000008009ee4       0x38 libUSB.a(usbd_ctlreq.c.obj)
 .text.USBD_ClrFeature
                0x0000000008009f1c       0x50 libUSB.a(usbd_ctlreq.c.obj)
 .text.USBD_ParseSetupRequest
                0x0000000008009f6c       0x7c libUSB.a(usbd_ctlreq.c.obj)
                0x0000000008009f6c                USBD_ParseSetupRequest
 .text.USBD_CtlError
                0x0000000008009fe8       0x24 libUSB.a(usbd_ctlreq.c.obj)
                0x0000000008009fe8                USBD_CtlError
 .text.USBD_GetString
                0x000000000800a00c       0x88 libUSB.a(usbd_ctlreq.c.obj)
                0x000000000800a00c                USBD_GetString
 .text.USBD_GetLen
                0x000000000800a094       0x30 libUSB.a(usbd_ctlreq.c.obj)
 .text.USBD_CtlSendData
                0x000000000800a0c4       0x38 libUSB.a(usbd_ioreq.c.obj)
                0x000000000800a0c4                USBD_CtlSendData
 .text.USBD_CtlContinueSendData
                0x000000000800a0fc       0x24 libUSB.a(usbd_ioreq.c.obj)
                0x000000000800a0fc                USBD_CtlContinueSendData
 .text.USBD_CtlPrepareRx
                0x000000000800a120       0x3c libUSB.a(usbd_ioreq.c.obj)
                0x000000000800a120                USBD_CtlPrepareRx
 .text.USBD_CtlContinueRx
                0x000000000800a15c       0x24 libUSB.a(usbd_ioreq.c.obj)
                0x000000000800a15c                USBD_CtlContinueRx
 .text.USBD_CtlSendStatus
                0x000000000800a180       0x28 libUSB.a(usbd_ioreq.c.obj)
                0x000000000800a180                USBD_CtlSendStatus
 .text.USBD_CtlReceiveStatus
                0x000000000800a1a8       0x28 libUSB.a(usbd_ioreq.c.obj)
                0x000000000800a1a8                USBD_CtlReceiveStatus
 .text.__libc_init_array
                0x000000000800a1d0       0x50 /usr/local/Cellar/gcc-arm-none-eabi/20160928/bin/../lib/gcc/arm-none-eabi/5.4.1/../../../../arm-none-eabi/lib/armv7e-m/fpu/libg.a(lib_a-init.o)
                0x000000000800a1d0                __libc_init_array
 .text.malloc   0x000000000800a220       0x10 /usr/local/Cellar/gcc-arm-none-eabi/20160928/bin/../lib/gcc/arm-none-eabi/5.4.1/../../../../arm-none-eabi/lib/armv7e-m/fpu/libg.a(lib_a-malloc.o)
                0x000000000800a220                malloc
 .text.free     0x000000000800a230       0x10 /usr/local/Cellar/gcc-arm-none-eabi/20160928/bin/../lib/gcc/arm-none-eabi/5.4.1/../../../../arm-none-eabi/lib/armv7e-m/fpu/libg.a(lib_a-malloc.o)
                0x000000000800a230                free
 .text._malloc_r
                0x000000000800a240      0x570 /usr/local/Cellar/gcc-arm-none-eabi/20160928/bin/../lib/gcc/arm-none-eabi/5.4.1/../../../../arm-none-eabi/lib/armv7e-m/fpu/libg.a(lib_a-mallocr.o)
                0x000000000800a240                _malloc_r
 .text.__malloc_lock
                0x000000000800a7b0        0x4 /usr/local/Cellar/gcc-arm-none-eabi/20160928/bin/../lib/gcc/arm-none-eabi/5.4.1/../../../../arm-none-eabi/lib/armv7e-m/fpu/libg.a(lib_a-mlock.o)
                0x000000000800a7b0                __malloc_lock
 .text.__malloc_unlock
                0x000000000800a7b4        0x4 /usr/local/Cellar/gcc-arm-none-eabi/20160928/bin/../lib/gcc/arm-none-eabi/5.4.1/../../../../arm-none-eabi/lib/armv7e-m/fpu/libg.a(lib_a-mlock.o)
                0x000000000800a7b4                __malloc_unlock
 .text._sbrk_r  0x000000000800a7b8       0x24 /usr/local/Cellar/gcc-arm-none-eabi/20160928/bin/../lib/gcc/arm-none-eabi/5.4.1/../../../../arm-none-eabi/lib/armv7e-m/fpu/libg.a(lib_a-sbrkr.o)
                0x000000000800a7b8                _sbrk_r
 .text.startup.register_fini
                0x000000000800a7dc       0x14 /usr/local/Cellar/gcc-arm-none-eabi/20160928/bin/../lib/gcc/arm-none-eabi/5.4.1/../../../../arm-none-eabi/lib/armv7e-m/fpu/libg.a(lib_a-__call_atexit.o)
 .text.atexit   0x000000000800a7f0        0xc /usr/local/Cellar/gcc-arm-none-eabi/20160928/bin/../lib/gcc/arm-none-eabi/5.4.1/../../../../arm-none-eabi/lib/armv7e-m/fpu/libg.a(lib_a-atexit.o)
                0x000000000800a7f0                atexit
 .text.__libc_fini_array
                0x000000000800a7fc       0x28 /usr/local/Cellar/gcc-arm-none-eabi/20160928/bin/../lib/gcc/arm-none-eabi/5.4.1/../../../../arm-none-eabi/lib/armv7e-m/fpu/libg.a(lib_a-fini.o)
                0x000000000800a7fc                __libc_fini_array
 .text._malloc_trim_r
                0x000000000800a824       0x9c /usr/local/Cellar/gcc-arm-none-eabi/20160928/bin/../lib/gcc/arm-none-eabi/5.4.1/../../../../arm-none-eabi/lib/armv7e-m/fpu/libg.a(lib_a-freer.o)
                0x000000000800a824                _malloc_trim_r
 .text._free_r  0x000000000800a8c0      0x1d0 /usr/local/Cellar/gcc-arm-none-eabi/20160928/bin/../lib/gcc/arm-none-eabi/5.4.1/../../../../arm-none-eabi/lib/armv7e-m/fpu/libg.a(lib_a-freer.o)
                0x000000000800a8c0                _free_r
 .text.__register_exitproc
                0x000000000800aa90       0xa4 /usr/local/Cellar/gcc-arm-none-eabi/20160928/bin/../lib/gcc/arm-none-eabi/5.4.1/../../../../arm-none-eabi/lib/armv7e-m/fpu/libg.a(lib_a-__atexit.o)
                0x000000000800aa90                __register_exitproc
 .text._sbrk    0x000000000800ab34       0x1c /usr/local/Cellar/gcc-arm-none-eabi/20160928/bin/../lib/gcc/arm-none-eabi/5.4.1/../../../../arm-none-eabi/lib/armv7e-m/fpu/libnosys.a(sbrk.o)
                0x000000000800ab34                _sbrk
 *(.glue_7)
 .glue_7        0x000000000800ab50        0x0 linker stubs
 *(.glue_7t)
 .glue_7t       0x000000000800ab50        0x0 linker stubs
 *(.eh_frame)
 .eh_frame      0x000000000800ab50        0x0 /usr/local/Cellar/gcc-arm-none-eabi/20160928/bin/../lib/gcc/arm-none-eabi/5.4.1/armv7e-m/fpu/crtbegin.o
 *(.init)
 .init          0x000000000800ab50        0x4 /usr/local/Cellar/gcc-arm-none-eabi/20160928/bin/../lib/gcc/arm-none-eabi/5.4.1/armv7e-m/fpu/crti.o
                0x000000000800ab50                _init
 .init          0x000000000800ab54        0x8 /usr/local/Cellar/gcc-arm-none-eabi/20160928/bin/../lib/gcc/arm-none-eabi/5.4.1/armv7e-m/fpu/crtn.o
 *(.fini)
 .fini          0x000000000800ab5c        0x4 /usr/local/Cellar/gcc-arm-none-eabi/20160928/bin/../lib/gcc/arm-none-eabi/5.4.1/armv7e-m/fpu/crti.o
                0x000000000800ab5c                _fini
 .fini          0x000000000800ab60        0x8 /usr/local/Cellar/gcc-arm-none-eabi/20160928/bin/../lib/gcc/arm-none-eabi/5.4.1/armv7e-m/fpu/crtn.o
                0x000000000800ab68                . = ALIGN (0x4)
                0x000000000800ab68                _etext = .

.vfp11_veneer   0x000000000800ab68        0x0
 .vfp11_veneer  0x000000000800ab68        0x0 linker stubs

.v4_bx          0x000000000800ab68        0x0
 .v4_bx         0x000000000800ab68        0x0 linker stubs

.iplt           0x000000000800ab68        0x0
 .iplt          0x000000000800ab68        0x0 /usr/local/Cellar/gcc-arm-none-eabi/20160928/bin/../lib/gcc/arm-none-eabi/5.4.1/armv7e-m/fpu/crtbegin.o

.rodata         0x000000000800ab68       0xb0
                0x000000000800ab68                . = ALIGN (0x4)
 *(.rodata)
 .rodata        0x000000000800ab68       0x56 CMakeFiles/RM2018_CLion_Toolchain.elf.dir/Src/usbd_desc.c.obj
 *(.rodata*)
 *fill*         0x000000000800abbe        0x2 
 .rodata.tone_tab
                0x000000000800abc0       0x2a CMakeFiles/RM2018_CLion_Toolchain.elf.dir/Test/Src/test_beep.c.obj
                0x000000000800abc0                tone_tab
 *fill*         0x000000000800abea        0x2 
 .rodata.Mavic_Startup_music
                0x000000000800abec        0xe CMakeFiles/RM2018_CLion_Toolchain.elf.dir/Test/Src/test_beep.c.obj
                0x000000000800abec                Mavic_Startup_music
 *fill*         0x000000000800abfa        0x2 
 .rodata.flagBitshiftOffset.8325
                0x000000000800abfc        0x8 libHAL.a(stm32f4xx_hal_dma.c.obj)
 .rodata.APBAHBPrescTable
                0x000000000800ac04       0x10 libHAL.a(stm32f4xx_hal_rcc.c.obj)
                0x000000000800ac04                APBAHBPrescTable
 .rodata._global_impure_ptr
                0x000000000800ac14        0x4 /usr/local/Cellar/gcc-arm-none-eabi/20160928/bin/../lib/gcc/arm-none-eabi/5.4.1/../../../../arm-none-eabi/lib/armv7e-m/fpu/libg.a(lib_a-impure.o)
                0x000000000800ac14                _global_impure_ptr
                0x000000000800ac18                . = ALIGN (0x4)

.rel.dyn        0x000000000800ac18        0x0
 .rel.iplt      0x000000000800ac18        0x0 /usr/local/Cellar/gcc-arm-none-eabi/20160928/bin/../lib/gcc/arm-none-eabi/5.4.1/armv7e-m/fpu/crtbegin.o

.ARM.extab
 *(.ARM.extab* .gnu.linkonce.armextab.*)

.ARM            0x000000000800ac18        0x0
                0x000000000800ac18                __exidx_start = .
 *(.ARM.exidx*)
                0x000000000800ac18                __exidx_end = .

.preinit_array  0x000000000800ac18        0x0
                0x000000000800ac18                PROVIDE (__preinit_array_start, .)
 *(.preinit_array*)
                0x000000000800ac18                PROVIDE (__preinit_array_end, .)

.init_array     0x000000000800ac18        0x8
                0x000000000800ac18                PROVIDE (__init_array_start, .)
 *(SORT(.init_array.*))
 .init_array.00000
                0x000000000800ac18        0x4 /usr/local/Cellar/gcc-arm-none-eabi/20160928/bin/../lib/gcc/arm-none-eabi/5.4.1/../../../../arm-none-eabi/lib/armv7e-m/fpu/libg.a(lib_a-__call_atexit.o)
 *(.init_array*)
 .init_array    0x000000000800ac1c        0x4 /usr/local/Cellar/gcc-arm-none-eabi/20160928/bin/../lib/gcc/arm-none-eabi/5.4.1/armv7e-m/fpu/crtbegin.o
                0x000000000800ac20                PROVIDE (__init_array_end, .)

.fini_array     0x000000000800ac20        0x4
                0x000000000800ac20                PROVIDE (__fini_array_start, .)
 *(SORT(.fini_array.*))
 *(.fini_array*)
 .fini_array    0x000000000800ac20        0x4 /usr/local/Cellar/gcc-arm-none-eabi/20160928/bin/../lib/gcc/arm-none-eabi/5.4.1/armv7e-m/fpu/crtbegin.o
                0x000000000800ac24                PROVIDE (__fini_array_end, .)
                0x000000000800ac24                _sidata = LOADADDR (.data)

.data           0x0000000020000000      0x9ac load address 0x000000000800ac24
                0x0000000020000000                . = ALIGN (0x4)
                0x0000000020000000                _sdata = .
 *(.data)
 *(.data*)
 .data.SystemCoreClock
                0x0000000020000000        0x4 CMakeFiles/RM2018_CLion_Toolchain.elf.dir/Src/system_stm32f4xx.c.obj
                0x0000000020000000                SystemCoreClock
 .data.USBD_Interface_fops_FS
                0x0000000020000004       0x10 CMakeFiles/RM2018_CLion_Toolchain.elf.dir/Src/usbd_cdc_if.c.obj
                0x0000000020000004                USBD_Interface_fops_FS
 .data.FS_Desc  0x0000000020000014       0x1c CMakeFiles/RM2018_CLion_Toolchain.elf.dir/Src/usbd_desc.c.obj
                0x0000000020000014                FS_Desc
 .data.USBD_FS_DeviceDesc
                0x0000000020000030       0x12 CMakeFiles/RM2018_CLion_Toolchain.elf.dir/Src/usbd_desc.c.obj
                0x0000000020000030                USBD_FS_DeviceDesc
 *fill*         0x0000000020000042        0x2 
 .data.USBD_LangIDDesc
                0x0000000020000044        0x4 CMakeFiles/RM2018_CLion_Toolchain.elf.dir/Src/usbd_desc.c.obj
                0x0000000020000044                USBD_LangIDDesc
 .data.sTestResult
                0x0000000020000048        0x6 CMakeFiles/RM2018_CLion_Toolchain.elf.dir/Test/Src/test_app.c.obj
                0x0000000020000048                sTestResult
 *fill*         0x000000002000004e        0x2 
 .data.MPU_Tx_buff.8259
                0x0000000020000050        0xe CMakeFiles/RM2018_CLion_Toolchain.elf.dir/Test/Src/test_imu.c.obj
 *fill*         0x000000002000005e        0x2 
 .data.USBD_CDC_DeviceQualifierDesc
                0x0000000020000060        0xa libUSB.a(usbd_cdc.c.obj)
 *fill*         0x000000002000006a        0x2 
 .data.USBD_CDC
                0x000000002000006c       0x38 libUSB.a(usbd_cdc.c.obj)
                0x000000002000006c                USBD_CDC
 .data.USBD_CDC_CfgHSDesc
                0x00000000200000a4       0x43 libUSB.a(usbd_cdc.c.obj)
                0x00000000200000a4                USBD_CDC_CfgHSDesc
 *fill*         0x00000000200000e7        0x1 
 .data.USBD_CDC_CfgFSDesc
                0x00000000200000e8       0x43 libUSB.a(usbd_cdc.c.obj)
                0x00000000200000e8                USBD_CDC_CfgFSDesc
 *fill*         0x000000002000012b        0x1 
 .data.USBD_CDC_OtherSpeedCfgDesc
                0x000000002000012c       0x43 libUSB.a(usbd_cdc.c.obj)
                0x000000002000012c                USBD_CDC_OtherSpeedCfgDesc
 *fill*         0x000000002000016f        0x1 
 .data.impure_data
                0x0000000020000170      0x428 /usr/local/Cellar/gcc-arm-none-eabi/20160928/bin/../lib/gcc/arm-none-eabi/5.4.1/../../../../arm-none-eabi/lib/armv7e-m/fpu/libg.a(lib_a-impure.o)
 .data._impure_ptr
                0x0000000020000598        0x4 /usr/local/Cellar/gcc-arm-none-eabi/20160928/bin/../lib/gcc/arm-none-eabi/5.4.1/../../../../arm-none-eabi/lib/armv7e-m/fpu/libg.a(lib_a-impure.o)
                0x0000000020000598                _impure_ptr
 .data.__malloc_av_
                0x000000002000059c      0x408 /usr/local/Cellar/gcc-arm-none-eabi/20160928/bin/../lib/gcc/arm-none-eabi/5.4.1/../../../../arm-none-eabi/lib/armv7e-m/fpu/libg.a(lib_a-mallocr.o)
                0x000000002000059c                __malloc_av_
 .data.__malloc_trim_threshold
                0x00000000200009a4        0x4 /usr/local/Cellar/gcc-arm-none-eabi/20160928/bin/../lib/gcc/arm-none-eabi/5.4.1/../../../../arm-none-eabi/lib/armv7e-m/fpu/libg.a(lib_a-mallocr.o)
                0x00000000200009a4                __malloc_trim_threshold
 .data.__malloc_sbrk_base
                0x00000000200009a8        0x4 /usr/local/Cellar/gcc-arm-none-eabi/20160928/bin/../lib/gcc/arm-none-eabi/5.4.1/../../../../arm-none-eabi/lib/armv7e-m/fpu/libg.a(lib_a-mallocr.o)
                0x00000000200009a8                __malloc_sbrk_base
                0x00000000200009ac                . = ALIGN (0x4)
                0x00000000200009ac                _edata = .
                0x000000000800b5d0                _siccmram = LOADADDR (.ccmram)

.jcr            0x00000000200009ac        0x0 load address 0x000000000800b5d0
 .jcr           0x00000000200009ac        0x0 /usr/local/Cellar/gcc-arm-none-eabi/20160928/bin/../lib/gcc/arm-none-eabi/5.4.1/armv7e-m/fpu/crtbegin.o

.igot.plt       0x00000000200009ac        0x0 load address 0x000000000800b5d0
 .igot.plt      0x00000000200009ac        0x0 /usr/local/Cellar/gcc-arm-none-eabi/20160928/bin/../lib/gcc/arm-none-eabi/5.4.1/armv7e-m/fpu/crtbegin.o

.ccmram         0x0000000010000000        0x0 load address 0x000000000800b5d0
                0x0000000010000000                . = ALIGN (0x4)
                0x0000000010000000                _sccmram = .
 *(.ccmram)
 *(.ccmram*)
                0x0000000010000000                . = ALIGN (0x4)
                0x0000000010000000                _eccmram = .
                0x0000000010000000                . = ALIGN (0x4)

.bss            0x00000000200009ac      0xbe8
                0x00000000200009ac                _sbss = .
                0x00000000200009ac                __bss_start__ = _sbss
 *(.bss)
 .bss           0x00000000200009ac       0x1c /usr/local/Cellar/gcc-arm-none-eabi/20160928/bin/../lib/gcc/arm-none-eabi/5.4.1/armv7e-m/fpu/crtbegin.o
 *(.bss*)
 .bss.hcan1     0x00000000200009c8       0x40 CMakeFiles/RM2018_CLion_Toolchain.elf.dir/Src/can.c.obj
                0x00000000200009c8                hcan1
 .bss.hcan2     0x0000000020000a08       0x40 CMakeFiles/RM2018_CLion_Toolchain.elf.dir/Src/can.c.obj
                0x0000000020000a08                hcan2
 .bss.HAL_RCC_CAN1_CLK_ENABLED
                0x0000000020000a48        0x4 CMakeFiles/RM2018_CLion_Toolchain.elf.dir/Src/can.c.obj
 .bss.hspi5     0x0000000020000a4c       0x58 CMakeFiles/RM2018_CLion_Toolchain.elf.dir/Src/spi.c.obj
                0x0000000020000a4c                hspi5
 .bss.htim2     0x0000000020000aa4       0x3c CMakeFiles/RM2018_CLion_Toolchain.elf.dir/Src/tim.c.obj
                0x0000000020000aa4                htim2
 .bss.htim3     0x0000000020000ae0       0x3c CMakeFiles/RM2018_CLion_Toolchain.elf.dir/Src/tim.c.obj
                0x0000000020000ae0                htim3
 .bss.htim4     0x0000000020000b1c       0x3c CMakeFiles/RM2018_CLion_Toolchain.elf.dir/Src/tim.c.obj
                0x0000000020000b1c                htim4
 .bss.htim5     0x0000000020000b58       0x3c CMakeFiles/RM2018_CLion_Toolchain.elf.dir/Src/tim.c.obj
                0x0000000020000b58                htim5
 .bss.htim6     0x0000000020000b94       0x3c CMakeFiles/RM2018_CLion_Toolchain.elf.dir/Src/tim.c.obj
                0x0000000020000b94                htim6
 .bss.htim8     0x0000000020000bd0       0x3c CMakeFiles/RM2018_CLion_Toolchain.elf.dir/Src/tim.c.obj
                0x0000000020000bd0                htim8
 .bss.htim12    0x0000000020000c0c       0x3c CMakeFiles/RM2018_CLion_Toolchain.elf.dir/Src/tim.c.obj
                0x0000000020000c0c                htim12
 .bss.huart1    0x0000000020000c48       0x40 CMakeFiles/RM2018_CLion_Toolchain.elf.dir/Src/usart.c.obj
                0x0000000020000c48                huart1
 .bss.huart2    0x0000000020000c88       0x40 CMakeFiles/RM2018_CLion_Toolchain.elf.dir/Src/usart.c.obj
                0x0000000020000c88                huart2
 .bss.huart3    0x0000000020000cc8       0x40 CMakeFiles/RM2018_CLion_Toolchain.elf.dir/Src/usart.c.obj
                0x0000000020000cc8                huart3
 .bss.huart6    0x0000000020000d08       0x40 CMakeFiles/RM2018_CLion_Toolchain.elf.dir/Src/usart.c.obj
                0x0000000020000d08                huart6
 .bss.hdma_usart1_rx
                0x0000000020000d48       0x60 CMakeFiles/RM2018_CLion_Toolchain.elf.dir/Src/usart.c.obj
                0x0000000020000d48                hdma_usart1_rx
 .bss.hUsbDeviceFS
                0x0000000020000da8      0x224 CMakeFiles/RM2018_CLion_Toolchain.elf.dir/Src/usb_device.c.obj
                0x0000000020000da8                hUsbDeviceFS
 .bss.UserRxBufferFS
                0x0000000020000fcc        0x4 CMakeFiles/RM2018_CLion_Toolchain.elf.dir/Src/usbd_cdc_if.c.obj
                0x0000000020000fcc                UserRxBufferFS
 .bss.UserTxBufferFS
                0x0000000020000fd0        0x4 CMakeFiles/RM2018_CLion_Toolchain.elf.dir/Src/usbd_cdc_if.c.obj
                0x0000000020000fd0                UserTxBufferFS
 .bss.hpcd_USB_OTG_FS
                0x0000000020000fd4      0x3b8 CMakeFiles/RM2018_CLion_Toolchain.elf.dir/Src/usbd_conf.c.obj
                0x0000000020000fd4                hpcd_USB_OTG_FS
 .bss.USBD_StrDesc
                0x000000002000138c       0x80 CMakeFiles/RM2018_CLion_Toolchain.elf.dir/Src/usbd_desc.c.obj
                0x000000002000138c                USBD_StrDesc
 .bss.Timetick1ms
                0x000000002000140c        0x4 CMakeFiles/RM2018_CLion_Toolchain.elf.dir/Test/Src/test_app.c.obj
                0x000000002000140c                Timetick1ms
 .bss.Startup_Success_music_index
                0x0000000020001410        0x4 CMakeFiles/RM2018_CLion_Toolchain.elf.dir/Test/Src/test_app.c.obj
                0x0000000020001410                Startup_Success_music_index
 .bss.can1_tx_data
                0x0000000020001414        0x8 CMakeFiles/RM2018_CLion_Toolchain.elf.dir/Test/Src/test_app.c.obj
                0x0000000020001414                can1_tx_data
 .bss.can2_tx_data
                0x000000002000141c        0x8 CMakeFiles/RM2018_CLion_Toolchain.elf.dir/Test/Src/test_app.c.obj
                0x000000002000141c                can2_tx_data
 .bss.can1_rx_data
                0x0000000020001424        0x8 CMakeFiles/RM2018_CLion_Toolchain.elf.dir/Test/Src/test_can.c.obj
                0x0000000020001424                can1_rx_data
 .bss.can2_rx_data
                0x000000002000142c        0x8 CMakeFiles/RM2018_CLion_Toolchain.elf.dir/Test/Src/test_can.c.obj
                0x000000002000142c                can2_rx_data
 .bss.Tx1Message.8228
                0x0000000020001434       0x1c CMakeFiles/RM2018_CLion_Toolchain.elf.dir/Test/Src/test_can.c.obj
 .bss.Rx1Message.8229
                0x0000000020001450       0x24 CMakeFiles/RM2018_CLion_Toolchain.elf.dir/Test/Src/test_can.c.obj
 .bss.Tx2Message.8230
                0x0000000020001474       0x1c CMakeFiles/RM2018_CLion_Toolchain.elf.dir/Test/Src/test_can.c.obj
 .bss.Rx2Message.8231
                0x0000000020001490       0x24 CMakeFiles/RM2018_CLion_Toolchain.elf.dir/Test/Src/test_can.c.obj
 .bss.MPU_id    0x00000000200014b4        0x1 CMakeFiles/RM2018_CLion_Toolchain.elf.dir/Test/Src/test_imu.c.obj
                0x00000000200014b4                MPU_id
 *fill*         0x00000000200014b5        0x3 
 .bss.imu_data  0x00000000200014b8       0x14 CMakeFiles/RM2018_CLion_Toolchain.elf.dir/Test/Src/test_imu.c.obj
                0x00000000200014b8                imu_data
 .bss.imu_data_offest
                0x00000000200014cc       0x14 CMakeFiles/RM2018_CLion_Toolchain.elf.dir/Test/Src/test_imu.c.obj
                0x00000000200014cc                imu_data_offest
 .bss.MPU_Tx.8246
                0x00000000200014e0        0x1 CMakeFiles/RM2018_CLion_Toolchain.elf.dir/Test/Src/test_imu.c.obj
 .bss.MPU_Rx.8245
                0x00000000200014e1        0x1 CMakeFiles/RM2018_CLion_Toolchain.elf.dir/Test/Src/test_imu.c.obj
 .bss.MPU_Tx.8251
                0x00000000200014e2        0x1 CMakeFiles/RM2018_CLion_Toolchain.elf.dir/Test/Src/test_imu.c.obj
 .bss.MPU_Rx.8250
                0x00000000200014e3        0x1 CMakeFiles/RM2018_CLion_Toolchain.elf.dir/Test/Src/test_imu.c.obj
 .bss.MPU_Tx.8258
                0x00000000200014e4        0x1 CMakeFiles/RM2018_CLion_Toolchain.elf.dir/Test/Src/test_imu.c.obj
 .bss.MPU_Rx.8257
                0x00000000200014e5        0x1 CMakeFiles/RM2018_CLion_Toolchain.elf.dir/Test/Src/test_imu.c.obj
 *fill*         0x00000000200014e6        0x2 
 .bss.uart3_rx_buff
                0x00000000200014e8       0x32 CMakeFiles/RM2018_CLion_Toolchain.elf.dir/Test/Src/test_uart.c.obj
                0x00000000200014e8                uart3_rx_buff
 *fill*         0x000000002000151a        0x2 
 .bss.uart6_rx_buff
                0x000000002000151c       0x32 CMakeFiles/RM2018_CLion_Toolchain.elf.dir/Test/Src/test_uart.c.obj
                0x000000002000151c                uart6_rx_buff
 *fill*         0x000000002000154e        0x2 
 .bss.uwTick    0x0000000020001550        0x4 libHAL.a(stm32f4xx_hal.c.obj)
                0x0000000020001550                uwTick
 .bss.ifalt.9128
                0x0000000020001554        0x1 libUSB.a(usbd_cdc.c.obj)
 .bss.cfgidx.9133
                0x0000000020001555        0x1 libUSB.a(usbd_ctlreq.c.obj)
 *fill*         0x0000000020001556        0x2 
 .bss.__malloc_max_total_mem
                0x0000000020001558        0x4 /usr/local/Cellar/gcc-arm-none-eabi/20160928/bin/../lib/gcc/arm-none-eabi/5.4.1/../../../../arm-none-eabi/lib/armv7e-m/fpu/libg.a(lib_a-mallocr.o)
                0x0000000020001558                __malloc_max_total_mem
 .bss.__malloc_max_sbrked_mem
                0x000000002000155c        0x4 /usr/local/Cellar/gcc-arm-none-eabi/20160928/bin/../lib/gcc/arm-none-eabi/5.4.1/../../../../arm-none-eabi/lib/armv7e-m/fpu/libg.a(lib_a-mallocr.o)
                0x000000002000155c                __malloc_max_sbrked_mem
 .bss.__malloc_top_pad
                0x0000000020001560        0x4 /usr/local/Cellar/gcc-arm-none-eabi/20160928/bin/../lib/gcc/arm-none-eabi/5.4.1/../../../../arm-none-eabi/lib/armv7e-m/fpu/libg.a(lib_a-mallocr.o)
                0x0000000020001560                __malloc_top_pad
 .bss.__malloc_current_mallinfo
                0x0000000020001564       0x28 /usr/local/Cellar/gcc-arm-none-eabi/20160928/bin/../lib/gcc/arm-none-eabi/5.4.1/../../../../arm-none-eabi/lib/armv7e-m/fpu/libg.a(lib_a-mallocr.o)
                0x0000000020001564                __malloc_current_mallinfo
 .bss.heap_end.4169
                0x000000002000158c        0x4 /usr/local/Cellar/gcc-arm-none-eabi/20160928/bin/../lib/gcc/arm-none-eabi/5.4.1/../../../../arm-none-eabi/lib/armv7e-m/fpu/libnosys.a(sbrk.o)
 *(COMMON)
 COMMON         0x0000000020001590        0x4 /usr/local/Cellar/gcc-arm-none-eabi/20160928/bin/../lib/gcc/arm-none-eabi/5.4.1/../../../../arm-none-eabi/lib/armv7e-m/fpu/libg.a(lib_a-reent.o)
                0x0000000020001590                errno
                0x0000000020001594                . = ALIGN (0x4)
                0x0000000020001594                _ebss = .
                0x0000000020001594                __bss_end__ = _ebss

._user_heap_stack
                0x0000000020001594     0x1404
                0x0000000020001598                . = ALIGN (0x8)
 *fill*         0x0000000020001594        0x4 
                0x0000000020001598                PROVIDE (end, .)
                [!provide]                        PROVIDE (_end, .)
                0x0000000020002598                . = (. + _Min_Heap_Size)
 *fill*         0x0000000020001598     0x1000 
                0x0000000020002998                . = (. + _Min_Stack_Size)
 *fill*         0x0000000020002598      0x400 
                0x0000000020002998                . = ALIGN (0x8)

/DISCARD/
 libc.a(*)
 libm.a(*)
 libgcc.a(*)

.ARM.attributes
                0x0000000000000000       0x30
 *(.ARM.attributes)
 .ARM.attributes
                0x0000000000000000       0x22 /usr/local/Cellar/gcc-arm-none-eabi/20160928/bin/../lib/gcc/arm-none-eabi/5.4.1/armv7e-m/fpu/crti.o
 .ARM.attributes
                0x0000000000000022       0x34 /usr/local/Cellar/gcc-arm-none-eabi/20160928/bin/../lib/gcc/arm-none-eabi/5.4.1/armv7e-m/fpu/crtbegin.o
 .ARM.attributes
                0x0000000000000056       0x39 CMakeFiles/RM2018_CLion_Toolchain.elf.dir/Src/can.c.obj
 .ARM.attributes
                0x000000000000008f       0x39 CMakeFiles/RM2018_CLion_Toolchain.elf.dir/Src/dma.c.obj
 .ARM.attributes
                0x00000000000000c8       0x39 CMakeFiles/RM2018_CLion_Toolchain.elf.dir/Src/gpio.c.obj
 .ARM.attributes
                0x0000000000000101       0x39 CMakeFiles/RM2018_CLion_Toolchain.elf.dir/Src/main.c.obj
 .ARM.attributes
                0x000000000000013a       0x39 CMakeFiles/RM2018_CLion_Toolchain.elf.dir/Src/spi.c.obj
 .ARM.attributes
                0x0000000000000173       0x39 CMakeFiles/RM2018_CLion_Toolchain.elf.dir/Src/stm32f4xx_hal_msp.c.obj
 .ARM.attributes
                0x00000000000001ac       0x39 CMakeFiles/RM2018_CLion_Toolchain.elf.dir/Src/stm32f4xx_it.c.obj
 .ARM.attributes
                0x00000000000001e5       0x39 CMakeFiles/RM2018_CLion_Toolchain.elf.dir/Src/system_stm32f4xx.c.obj
 .ARM.attributes
                0x000000000000021e       0x39 CMakeFiles/RM2018_CLion_Toolchain.elf.dir/Src/tim.c.obj
 .ARM.attributes
                0x0000000000000257       0x39 CMakeFiles/RM2018_CLion_Toolchain.elf.dir/Src/usart.c.obj
 .ARM.attributes
                0x0000000000000290       0x39 CMakeFiles/RM2018_CLion_Toolchain.elf.dir/Src/usb_device.c.obj
 .ARM.attributes
                0x00000000000002c9       0x39 CMakeFiles/RM2018_CLion_Toolchain.elf.dir/Src/usbd_cdc_if.c.obj
 .ARM.attributes
                0x0000000000000302       0x39 CMakeFiles/RM2018_CLion_Toolchain.elf.dir/Src/usbd_conf.c.obj
 .ARM.attributes
                0x000000000000033b       0x39 CMakeFiles/RM2018_CLion_Toolchain.elf.dir/Src/usbd_desc.c.obj
 .ARM.attributes
                0x0000000000000374       0x39 CMakeFiles/RM2018_CLion_Toolchain.elf.dir/Test/Src/test_app.c.obj
 .ARM.attributes
                0x00000000000003ad       0x39 CMakeFiles/RM2018_CLion_Toolchain.elf.dir/Test/Src/test_beep.c.obj
 .ARM.attributes
                0x00000000000003e6       0x39 CMakeFiles/RM2018_CLion_Toolchain.elf.dir/Test/Src/test_can.c.obj
 .ARM.attributes
                0x000000000000041f       0x39 CMakeFiles/RM2018_CLion_Toolchain.elf.dir/Test/Src/test_imu.c.obj
 .ARM.attributes
                0x0000000000000458       0x39 CMakeFiles/RM2018_CLion_Toolchain.elf.dir/Test/Src/test_uart.c.obj
 .ARM.attributes
                0x0000000000000491       0x39 libHAL.a(stm32f4xx_hal.c.obj)
 .ARM.attributes
                0x00000000000004ca       0x39 libHAL.a(stm32f4xx_hal_can.c.obj)
 .ARM.attributes
                0x0000000000000503       0x39 libHAL.a(stm32f4xx_hal_cortex.c.obj)
 .ARM.attributes
                0x000000000000053c       0x39 libHAL.a(stm32f4xx_hal_dma.c.obj)
 .ARM.attributes
                0x0000000000000575       0x39 libHAL.a(stm32f4xx_hal_gpio.c.obj)
 .ARM.attributes
                0x00000000000005ae       0x39 libHAL.a(stm32f4xx_hal_pcd.c.obj)
 .ARM.attributes
                0x00000000000005e7       0x39 libHAL.a(stm32f4xx_hal_pcd_ex.c.obj)
 .ARM.attributes
                0x0000000000000620       0x39 libHAL.a(stm32f4xx_hal_rcc.c.obj)
 .ARM.attributes
                0x0000000000000659       0x39 libHAL.a(stm32f4xx_hal_spi.c.obj)
 .ARM.attributes
                0x0000000000000692       0x39 libHAL.a(stm32f4xx_hal_tim.c.obj)
 .ARM.attributes
                0x00000000000006cb       0x39 libHAL.a(stm32f4xx_hal_tim_ex.c.obj)
 .ARM.attributes
                0x0000000000000704       0x39 libHAL.a(stm32f4xx_hal_uart.c.obj)
 .ARM.attributes
                0x000000000000073d       0x39 libHAL.a(stm32f4xx_ll_usb.c.obj)
 .ARM.attributes
                0x0000000000000776       0x21 libCMSIS.a(startup_stm32f427xx.s.obj)
 .ARM.attributes
                0x0000000000000797       0x39 libUSB.a(usbd_cdc.c.obj)
 .ARM.attributes
                0x00000000000007d0       0x39 libUSB.a(usbd_core.c.obj)
 .ARM.attributes
                0x0000000000000809       0x39 libUSB.a(usbd_ctlreq.c.obj)
 .ARM.attributes
                0x0000000000000842       0x39 libUSB.a(usbd_ioreq.c.obj)
 .ARM.attributes
                0x000000000000087b       0x34 /usr/local/Cellar/gcc-arm-none-eabi/20160928/bin/../lib/gcc/arm-none-eabi/5.4.1/../../../../arm-none-eabi/lib/armv7e-m/fpu/libg.a(lib_a-impure.o)
 .ARM.attributes
                0x00000000000008af       0x34 /usr/local/Cellar/gcc-arm-none-eabi/20160928/bin/../lib/gcc/arm-none-eabi/5.4.1/../../../../arm-none-eabi/lib/armv7e-m/fpu/libg.a(lib_a-init.o)
 .ARM.attributes
                0x00000000000008e3       0x34 /usr/local/Cellar/gcc-arm-none-eabi/20160928/bin/../lib/gcc/arm-none-eabi/5.4.1/../../../../arm-none-eabi/lib/armv7e-m/fpu/libg.a(lib_a-malloc.o)
 .ARM.attributes
                0x0000000000000917       0x34 /usr/local/Cellar/gcc-arm-none-eabi/20160928/bin/../lib/gcc/arm-none-eabi/5.4.1/../../../../arm-none-eabi/lib/armv7e-m/fpu/libg.a(lib_a-mallocr.o)
 .ARM.attributes
                0x000000000000094b       0x34 /usr/local/Cellar/gcc-arm-none-eabi/20160928/bin/../lib/gcc/arm-none-eabi/5.4.1/../../../../arm-none-eabi/lib/armv7e-m/fpu/libg.a(lib_a-mlock.o)
 .ARM.attributes
                0x000000000000097f       0x34 /usr/local/Cellar/gcc-arm-none-eabi/20160928/bin/../lib/gcc/arm-none-eabi/5.4.1/../../../../arm-none-eabi/lib/armv7e-m/fpu/libg.a(lib_a-sbrkr.o)
 .ARM.attributes
                0x00000000000009b3       0x34 /usr/local/Cellar/gcc-arm-none-eabi/20160928/bin/../lib/gcc/arm-none-eabi/5.4.1/../../../../arm-none-eabi/lib/armv7e-m/fpu/libg.a(lib_a-__call_atexit.o)
 .ARM.attributes
                0x00000000000009e7       0x34 /usr/local/Cellar/gcc-arm-none-eabi/20160928/bin/../lib/gcc/arm-none-eabi/5.4.1/../../../../arm-none-eabi/lib/armv7e-m/fpu/libg.a(lib_a-atexit.o)
 .ARM.attributes
                0x0000000000000a1b       0x34 /usr/local/Cellar/gcc-arm-none-eabi/20160928/bin/../lib/gcc/arm-none-eabi/5.4.1/../../../../arm-none-eabi/lib/armv7e-m/fpu/libg.a(lib_a-fini.o)
 .ARM.attributes
                0x0000000000000a4f       0x34 /usr/local/Cellar/gcc-arm-none-eabi/20160928/bin/../lib/gcc/arm-none-eabi/5.4.1/../../../../arm-none-eabi/lib/armv7e-m/fpu/libg.a(lib_a-freer.o)
 .ARM.attributes
                0x0000000000000a83       0x34 /usr/local/Cellar/gcc-arm-none-eabi/20160928/bin/../lib/gcc/arm-none-eabi/5.4.1/../../../../arm-none-eabi/lib/armv7e-m/fpu/libg.a(lib_a-reent.o)
 .ARM.attributes
                0x0000000000000ab7       0x34 /usr/local/Cellar/gcc-arm-none-eabi/20160928/bin/../lib/gcc/arm-none-eabi/5.4.1/../../../../arm-none-eabi/lib/armv7e-m/fpu/libg.a(lib_a-__atexit.o)
 .ARM.attributes
                0x0000000000000aeb       0x34 /usr/local/Cellar/gcc-arm-none-eabi/20160928/bin/../lib/gcc/arm-none-eabi/5.4.1/../../../../arm-none-eabi/lib/armv7e-m/fpu/libnosys.a(sbrk.o)
 .ARM.attributes
                0x0000000000000b1f       0x22 /usr/local/Cellar/gcc-arm-none-eabi/20160928/bin/../lib/gcc/arm-none-eabi/5.4.1/armv7e-m/fpu/crtn.o
OUTPUT(RM2018_CLion_Toolchain.elf elf32-littlearm)

.debug_info     0x0000000000000000    0x18d87
 .debug_info    0x0000000000000000      0xbe8 CMakeFiles/RM2018_CLion_Toolchain.elf.dir/Src/can.c.obj
 .debug_info    0x0000000000000be8      0x4fc CMakeFiles/RM2018_CLion_Toolchain.elf.dir/Src/dma.c.obj
 .debug_info    0x00000000000010e4      0x6ed CMakeFiles/RM2018_CLion_Toolchain.elf.dir/Src/gpio.c.obj
 .debug_info    0x00000000000017d1     0x130c CMakeFiles/RM2018_CLion_Toolchain.elf.dir/Src/main.c.obj
 .debug_info    0x0000000000002add      0x905 CMakeFiles/RM2018_CLion_Toolchain.elf.dir/Src/spi.c.obj
 .debug_info    0x00000000000033e2      0x315 CMakeFiles/RM2018_CLion_Toolchain.elf.dir/Src/stm32f4xx_hal_msp.c.obj
 .debug_info    0x00000000000036f7     0x1170 CMakeFiles/RM2018_CLion_Toolchain.elf.dir/Src/stm32f4xx_it.c.obj
 .debug_info    0x0000000000004867      0x4d9 CMakeFiles/RM2018_CLion_Toolchain.elf.dir/Src/system_stm32f4xx.c.obj
 .debug_info    0x0000000000004d40      0xf78 CMakeFiles/RM2018_CLion_Toolchain.elf.dir/Src/tim.c.obj
 .debug_info    0x0000000000005cb8      0xbb4 CMakeFiles/RM2018_CLion_Toolchain.elf.dir/Src/usart.c.obj
 .debug_info    0x000000000000686c      0x589 CMakeFiles/RM2018_CLion_Toolchain.elf.dir/Src/usb_device.c.obj
 .debug_info    0x0000000000006df5      0x755 CMakeFiles/RM2018_CLion_Toolchain.elf.dir/Src/usbd_cdc_if.c.obj
 .debug_info    0x000000000000754a     0x151f CMakeFiles/RM2018_CLion_Toolchain.elf.dir/Src/usbd_conf.c.obj
 .debug_info    0x0000000000008a69      0x37f CMakeFiles/RM2018_CLion_Toolchain.elf.dir/Src/usbd_desc.c.obj
 .debug_info    0x0000000000008de8      0xba8 CMakeFiles/RM2018_CLion_Toolchain.elf.dir/Test/Src/test_app.c.obj
 .debug_info    0x0000000000009990      0x331 CMakeFiles/RM2018_CLion_Toolchain.elf.dir/Test/Src/test_beep.c.obj
 .debug_info    0x0000000000009cc1      0x76f CMakeFiles/RM2018_CLion_Toolchain.elf.dir/Test/Src/test_can.c.obj
 .debug_info    0x000000000000a430      0x9d0 CMakeFiles/RM2018_CLion_Toolchain.elf.dir/Test/Src/test_imu.c.obj
 .debug_info    0x000000000000ae00      0x5d0 CMakeFiles/RM2018_CLion_Toolchain.elf.dir/Test/Src/test_uart.c.obj
 .debug_info    0x000000000000b3d0      0x911 libHAL.a(stm32f4xx_hal.c.obj)
 .debug_info    0x000000000000bce1      0xaaa libHAL.a(stm32f4xx_hal_can.c.obj)
 .debug_info    0x000000000000c78b      0xd3f libHAL.a(stm32f4xx_hal_cortex.c.obj)
 .debug_info    0x000000000000d4ca      0x8ec libHAL.a(stm32f4xx_hal_dma.c.obj)
 .debug_info    0x000000000000ddb6      0x72e libHAL.a(stm32f4xx_hal_gpio.c.obj)
 .debug_info    0x000000000000e4e4      0xec9 libHAL.a(stm32f4xx_hal_pcd.c.obj)
 .debug_info    0x000000000000f3ad      0x566 libHAL.a(stm32f4xx_hal_pcd_ex.c.obj)
 .debug_info    0x000000000000f913      0xb47 libHAL.a(stm32f4xx_hal_rcc.c.obj)
 .debug_info    0x000000000001045a     0x1272 libHAL.a(stm32f4xx_hal_spi.c.obj)
 .debug_info    0x00000000000116cc     0x2187 libHAL.a(stm32f4xx_hal_tim.c.obj)
 .debug_info    0x0000000000013853      0xf4d libHAL.a(stm32f4xx_hal_tim_ex.c.obj)
 .debug_info    0x00000000000147a0      0xf17 libHAL.a(stm32f4xx_hal_uart.c.obj)
 .debug_info    0x00000000000156b7     0x1408 libHAL.a(stm32f4xx_ll_usb.c.obj)
 .debug_info    0x0000000000016abf       0xae libCMSIS.a(startup_stm32f427xx.s.obj)
 .debug_info    0x0000000000016b6d      0xa4f libUSB.a(usbd_cdc.c.obj)
 .debug_info    0x00000000000175bc      0x903 libUSB.a(usbd_core.c.obj)
 .debug_info    0x0000000000017ebf      0x864 libUSB.a(usbd_ctlreq.c.obj)
 .debug_info    0x0000000000018723      0x664 libUSB.a(usbd_ioreq.c.obj)

.debug_abbrev   0x0000000000000000     0x3d34
 .debug_abbrev  0x0000000000000000      0x18e CMakeFiles/RM2018_CLion_Toolchain.elf.dir/Src/can.c.obj
 .debug_abbrev  0x000000000000018e       0xec CMakeFiles/RM2018_CLion_Toolchain.elf.dir/Src/dma.c.obj
 .debug_abbrev  0x000000000000027a      0x122 CMakeFiles/RM2018_CLion_Toolchain.elf.dir/Src/gpio.c.obj
 .debug_abbrev  0x000000000000039c      0x1ce CMakeFiles/RM2018_CLion_Toolchain.elf.dir/Src/main.c.obj
 .debug_abbrev  0x000000000000056a      0x175 CMakeFiles/RM2018_CLion_Toolchain.elf.dir/Src/spi.c.obj
 .debug_abbrev  0x00000000000006df       0x88 CMakeFiles/RM2018_CLion_Toolchain.elf.dir/Src/stm32f4xx_hal_msp.c.obj
 .debug_abbrev  0x0000000000000767      0x1ba CMakeFiles/RM2018_CLion_Toolchain.elf.dir/Src/stm32f4xx_it.c.obj
 .debug_abbrev  0x0000000000000921       0xff CMakeFiles/RM2018_CLion_Toolchain.elf.dir/Src/system_stm32f4xx.c.obj
 .debug_abbrev  0x0000000000000a20      0x1a9 CMakeFiles/RM2018_CLion_Toolchain.elf.dir/Src/tim.c.obj
 .debug_abbrev  0x0000000000000bc9      0x1b2 CMakeFiles/RM2018_CLion_Toolchain.elf.dir/Src/usart.c.obj
 .debug_abbrev  0x0000000000000d7b      0x136 CMakeFiles/RM2018_CLion_Toolchain.elf.dir/Src/usb_device.c.obj
 .debug_abbrev  0x0000000000000eb1      0x1e7 CMakeFiles/RM2018_CLion_Toolchain.elf.dir/Src/usbd_cdc_if.c.obj
 .debug_abbrev  0x0000000000001098      0x226 CMakeFiles/RM2018_CLion_Toolchain.elf.dir/Src/usbd_conf.c.obj
 .debug_abbrev  0x00000000000012be      0x133 CMakeFiles/RM2018_CLion_Toolchain.elf.dir/Src/usbd_desc.c.obj
 .debug_abbrev  0x00000000000013f1      0x170 CMakeFiles/RM2018_CLion_Toolchain.elf.dir/Test/Src/test_app.c.obj
 .debug_abbrev  0x0000000000001561      0x10c CMakeFiles/RM2018_CLion_Toolchain.elf.dir/Test/Src/test_beep.c.obj
 .debug_abbrev  0x000000000000166d      0x179 CMakeFiles/RM2018_CLion_Toolchain.elf.dir/Test/Src/test_can.c.obj
 .debug_abbrev  0x00000000000017e6      0x1e3 CMakeFiles/RM2018_CLion_Toolchain.elf.dir/Test/Src/test_imu.c.obj
 .debug_abbrev  0x00000000000019c9      0x16a CMakeFiles/RM2018_CLion_Toolchain.elf.dir/Test/Src/test_uart.c.obj
 .debug_abbrev  0x0000000000001b33      0x20c libHAL.a(stm32f4xx_hal.c.obj)
 .debug_abbrev  0x0000000000001d3f      0x206 libHAL.a(stm32f4xx_hal_can.c.obj)
 .debug_abbrev  0x0000000000001f45      0x2c9 libHAL.a(stm32f4xx_hal_cortex.c.obj)
 .debug_abbrev  0x000000000000220e      0x226 libHAL.a(stm32f4xx_hal_dma.c.obj)
 .debug_abbrev  0x0000000000002434      0x1ac libHAL.a(stm32f4xx_hal_gpio.c.obj)
 .debug_abbrev  0x00000000000025e0      0x23a libHAL.a(stm32f4xx_hal_pcd.c.obj)
 .debug_abbrev  0x000000000000281a      0x160 libHAL.a(stm32f4xx_hal_pcd_ex.c.obj)
 .debug_abbrev  0x000000000000297a      0x2b0 libHAL.a(stm32f4xx_hal_rcc.c.obj)
 .debug_abbrev  0x0000000000002c2a      0x1ff libHAL.a(stm32f4xx_hal_spi.c.obj)
 .debug_abbrev  0x0000000000002e29      0x208 libHAL.a(stm32f4xx_hal_tim.c.obj)
 .debug_abbrev  0x0000000000003031      0x1ff libHAL.a(stm32f4xx_hal_tim_ex.c.obj)